Component: ARM Compiler 5.05 update 1 (build 106) Tool: armlink [4d0efa]

==============================================================================

Section Cross References

    main.o(i.main) refers to task_userinit.o(i.Task_UserInit) for Task_UserInit
    main.o(i.main) refers to kservice.o(i.rt_kprintf) for rt_kprintf
    main.o(i.main) refers to usercode.o(i.UserLogic_Code) for UserLogic_Code
    usercode.o(i.UserLogic_Code) refers to ipc.o(i.rt_sem_create) for rt_sem_create
    usercode.o(i.UserLogic_Code) refers to ipc.o(i.rt_mq_create) for rt_mq_create
    usercode.o(i.UserLogic_Code) refers to thread.o(i.rt_thread_create) for rt_thread_create
    usercode.o(i.UserLogic_Code) refers to thread.o(i.rt_thread_startup) for rt_thread_startup
    usercode.o(i.UserLogic_Code) refers to clock.o(i.rt_tick_from_millisecond) for rt_tick_from_millisecond
    usercode.o(i.UserLogic_Code) refers to timer.o(i.rt_timer_create) for rt_timer_create
    usercode.o(i.UserLogic_Code) refers to timer.o(i.rt_timer_start) for rt_timer_start
    usercode.o(i.UserLogic_Code) refers to f2d.o(.text) for __aeabi_f2d
    usercode.o(i.UserLogic_Code) refers to printfa.o(i.__0printf) for __2printf
    usercode.o(i.UserLogic_Code) refers to usercode.o(.data) for JY901S_Sem
    usercode.o(i.UserLogic_Code) refers to threadpool.o(i.DataFromIPC) for DataFromIPC
    usercode.o(i.UserLogic_Code) refers to threadpool.o(i.JY901SReadThread) for JY901SReadThread
    usercode.o(i.UserLogic_Code) refers to threadpool.o(i.MS5837ReadThread) for MS5837ReadThread
    usercode.o(i.UserLogic_Code) refers to threadpool.o(i.HANDLE_MODE) for HANDLE_MODE
    usercode.o(i.UserLogic_Code) refers to threadpool.o(i.AUTO_MODE) for AUTO_MODE
    usercode.o(i.UserLogic_Code) refers to threadpool.o(i.MotionControl) for MotionControl
    usercode.o(i.UserLogic_Code) refers to threadpool.o(i.DepthControl) for DepthControl
    usercode.o(i.UserLogic_Code) refers to threadpool.o(i.PlusControl) for PlusControl
    usercode.o(i.UserLogic_Code) refers to threadpool.o(i.ReportPWMout) for ReportPWMout
    usercode.o(i.UserLogic_Code) refers to threadpool.o(i.pH_outcome) for pH_outcome
    usercode.o(i.UserLogic_Code) refers to threadpool.o(i.TestThread) for TestThread
    usercode.o(i.UserLogic_Code) refers to usercode.o(i.watchdog_timer_callback) for watchdog_timer_callback
    usercode.o(i.UserLogic_Code) refers to config.o(.data) for DepthPID
    usercode.o(i.watchdog_timer_callback) refers to drv_hal_wdg.o(i.Drv_IWDG_Feed) for Drv_IWDG_Feed
    usercode.o(i.watchdog_timer_callback) refers to config.o(.data) for demoIWDG
    threadpool.o(i.AUTO_MODE) refers to thread.o(i.rt_thread_self) for rt_thread_self
    threadpool.o(i.AUTO_MODE) refers to thread.o(i.rt_thread_suspend) for rt_thread_suspend
    threadpool.o(i.AUTO_MODE) refers to scheduler.o(i.rt_schedule) for rt_schedule
    threadpool.o(i.AUTO_MODE) refers to kservice.o(i.rt_strcmp) for rt_strcmp
    threadpool.o(i.AUTO_MODE) refers to ipc.o(i.rt_mq_recv) for rt_mq_recv
    threadpool.o(i.AUTO_MODE) refers to task_thruster.o(i.Task_Thruster_AllStop) for Task_Thruster_AllStop
    threadpool.o(i.AUTO_MODE) refers to printfa.o(i.__0printf) for __2printf
    threadpool.o(i.AUTO_MODE) refers to scheduler.o(i.rt_enter_critical) for rt_enter_critical
    threadpool.o(i.AUTO_MODE) refers to thread.o(i.rt_thread_resume) for rt_thread_resume
    threadpool.o(i.AUTO_MODE) refers to scheduler.o(i.rt_exit_critical) for rt_exit_critical
    threadpool.o(i.AUTO_MODE) refers to task_automode.o(i.Task_AutoMode_Process) for Task_AutoMode_Process
    threadpool.o(i.AUTO_MODE) refers to drv_hal_delay.o(i.Drv_Delay_Ms) for Drv_Delay_Ms
    threadpool.o(i.AUTO_MODE) refers to usercode.o(.data) for HandleModemq
    threadpool.o(i.DataFromIPC) refers to ipc.o(i.rt_sem_take) for rt_sem_take
    threadpool.o(i.DataFromIPC) refers to drv_hal_uart.o(i.Drv_Uart_Receive_DMA) for Drv_Uart_Receive_DMA
    threadpool.o(i.DataFromIPC) refers to task_analysisdata.o(i.Task_AnalysisData) for Task_AnalysisData
    threadpool.o(i.DataFromIPC) refers to kservice.o(i.rt_memset) for rt_memset
    threadpool.o(i.DataFromIPC) refers to drv_hal_delay.o(i.Drv_Delay_Ms) for Drv_Delay_Ms
    threadpool.o(i.DataFromIPC) refers to usercode.o(.data) for DataFromIPC_Sem
    threadpool.o(i.DataFromIPC) refers to config.o(.data) for Uart1
    threadpool.o(i.DepthControl) refers to ipc.o(i.rt_mq_recv) for rt_mq_recv
    threadpool.o(i.DepthControl) refers to task_depthcontrol.o(i.task_DepthControl_Process) for task_DepthControl_Process
    threadpool.o(i.DepthControl) refers to f2d.o(.text) for __aeabi_f2d
    threadpool.o(i.DepthControl) refers to printfa.o(i.__0printf) for __2printf
    threadpool.o(i.DepthControl) refers to drv_hal_delay.o(i.Drv_Delay_Ms) for Drv_Delay_Ms
    threadpool.o(i.DepthControl) refers to usercode.o(.data) for DepthControlmq
    threadpool.o(i.DepthControl) refers to config.o(.data) for MS5837
[...]
    __aeabi_memcpy                           0x0800037b   Thumb Code    36  memcpya.o(.text)
    __aeabi_memcpy4                          0x0800037b   Thumb Code     0  memcpya.o(.text)
    __aeabi_memcpy8                          0x0800037b   Thumb Code     0  memcpya.o(.text)
    __aeabi_memset                           0x0800039f   Thumb Code    14  memseta.o(.text)
    __aeabi_memset4                          0x0800039f   Thumb Code     0  memseta.o(.text)
    __aeabi_memset8                          0x0800039f   Thumb Code     0  memseta.o(.text)
    __aeabi_memclr                           0x080003ad   Thumb Code     4  memseta.o(.text)
    __aeabi_memclr4                          0x080003ad   Thumb Code     0  memseta.o(.text)
    __aeabi_memclr8                          0x080003ad   Thumb Code     0  memseta.o(.text)
    _memset$wrapper                          0x080003b1   Thumb Code    18  memseta.o(.text)
    strcpy                                   0x080003c3   Thumb Code    18  strcpy.o(.text)
    __0sscanf                                0x080003d5   Thumb Code    48  __0sscanf.o(.text)
    _scanf_string                            0x0800040d   Thumb Code   224  _scanf_str.o(.text)
    __aeabi_fadd                             0x080004ed   Thumb Code   164  fadd.o(.text)
    __aeabi_fsub                             0x08000591   Thumb Code     6  fadd.o(.text)
    __aeabi_frsub                            0x08000597   Thumb Code     6  fadd.o(.text)
    __aeabi_fmul                             0x0800059d   Thumb Code   100  fmul.o(.text)
    __aeabi_fdiv                             0x08000601   Thumb Code   124  fdiv.o(.text)
    __aeabi_dadd                             0x0800067d   Thumb Code   322  dadd.o(.text)
    __aeabi_dsub                             0x080007bf   Thumb Code     6  dadd.o(.text)
    __aeabi_drsub                            0x080007c5   Thumb Code     6  dadd.o(.text)
    __aeabi_dmul                             0x080007cb   Thumb Code   228  dmul.o(.text)
    __aeabi_ddiv                             0x080008af   Thumb Code   222  ddiv.o(.text)
    __aeabi_i2f                              0x0800098d   Thumb Code    18  fflti.o(.text)
    __aeabi_ui2f                             0x0800099f   Thumb Code    10  ffltui.o(.text)
    __aeabi_l2f                              0x080009a9   Thumb Code    44  ffltl.o(.text)
    __aeabi_i2d                              0x080009d5   Thumb Code    34  dflti.o(.text)
    __aeabi_f2iz                             0x080009f7   Thumb Code    50  ffixi.o(.text)
    __aeabi_f2uiz                            0x08000a29   Thumb Code    40  ffixui.o(.text)
    __aeabi_d2uiz                            0x08000a51   Thumb Code    50  dfixui.o(.text)
    __aeabi_f2d                              0x08000a83   Thumb Code    38  f2d.o(.text)
    __aeabi_cdcmpeq                          0x08000aa9   Thumb Code     0  cdcmple.o(.text)
    __aeabi_cdcmple                          0x08000aa9   Thumb Code    48  cdcmple.o(.text)
    __aeabi_cdrcmple                         0x08000ad9   Thumb Code    48  cdrcmple.o(.text)
    __aeabi_d2f                              0x08000b09   Thumb Code    56  d2f.o(.text)
    __aeabi_cfcmpeq                          0x08000b41   Thumb Code     0  cfcmple.o(.text)
    __aeabi_cfcmple                          0x08000b41   Thumb Code    20  cfcmple.o(.text)
    __aeabi_cfrcmple                         0x08000b55   Thumb Code    20  cfrcmple.o(.text)
    __aeabi_uidiv                            0x08000b69   Thumb Code     0  uidiv.o(.text)
    __aeabi_uidivmod                         0x08000b69   Thumb Code    44  uidiv.o(.text)
    __aeabi_uldivmod                         0x08000b95   Thumb Code    98  uldiv.o(.text)
    __aeabi_llsl                             0x08000bf7   Thumb Code    30  llshl.o(.text)
    _ll_shift_l                              0x08000bf7   Thumb Code     0  llshl.o(.text)
    __aeabi_lasr                             0x08000c15   Thumb Code    36  llsshr.o(.text)
    _ll_sshift_r                             0x08000c15   Thumb Code     0  llsshr.o(.text)
    __vfscanf_char                           0x08000c45   Thumb Code    20  scanf_char.o(.text)
    _sgetc                                   0x08000c61   Thumb Code    30  _sgetc.o(.text)
    _sbackspace                              0x08000c7f   Thumb Code    34  _sgetc.o(.text)
    __strtod_int                             0x08000cd7   Thumb Code    88  strtod.o(.text)
    __I$use$fp                               0x08000d3d   Thumb Code     0  iusefp.o(.text)
    _float_round                             0x08000d3d   Thumb Code    18  fepilogue.o(.text)
    _float_epilogue                          0x08000d4f   Thumb Code    92  fepilogue.o(.text)
    _double_round                            0x08000dab   Thumb Code    30  depilogue.o(.text)
    _double_epilogue                         0x08000dc9   Thumb Code   156  depilogue.o(.text)
    __aeabi_d2ulz                            0x08000e65   Thumb Code    48  dfixul.o(.text)
    __scatterload                            0x08000e95   Thumb Code    28  init.o(.text)
    __scatterload_rt2                        0x08000e95   Thumb Code     0  init.o(.text)
    isspace                                  0x08000eb9   Thumb Code    10  isspace_c.o(.text)
    __vfscanf                                0x08000ec5   Thumb Code   808  _scanf.o(.text)
    _scanf_real                              0x080012f1   Thumb Code     0  scanf_fp.o(.text)
    _scanf_really_real                       0x080012f1   Thumb Code   556  scanf_fp.o(.text)
    __ctype_lookup                           0x08001529   Thumb Code    34  ctype_c.o(.text)
    __aeabi_ul2d                             0x08001551   Thumb Code    24  dfltul.o(.text)
    __decompress                             0x08001569   Thumb Code     0  __dczerorl2.o(.text)
    __decompress1                            0x08001569   Thumb Code    86  __dczerorl2.o(.text)
    main                                     0x080015bf   Thumb Code    10  components.o(i.$Sub$$main)
    ADC_Enable                               0x080015c9   Thumb Code   122  stm32f1xx_hal_adc.o(i.ADC_Enable)
    AUTO_MODE                                0x0800164d   Thumb Code   118  threadpool.o(i.AUTO_MODE)
    Algo_PID_Calculate                       0x080016f5   Thumb Code   256  algo_pid.o(i.Algo_PID_Calculate)
    Algo_PID_Init                            0x08001809   Thumb Code    42  algo_pid.o(i.Algo_PID_Init)
    Algo_PID_Update                          0x08001851   Thumb Code    14  algo_pid.o(i.Algo_PID_Update)
    BusFault_Handler                         0x0800185f   Thumb Code     4  drv_hal.o(i.BusFault_Handler)
    DataFromIPC                              0x08001891   Thumb Code    58  threadpool.o(i.DataFromIPC)
    DebugMon_Handler                         0x080018d5   Thumb Code     2  drv_hal.o(i.DebugMon_Handler)
    DepthControl                             0x080018d9   Thumb Code    76  threadpool.o(i.DepthControl)
    Drv_ADC_PollGetData                      0x08001939   Thumb Code    60  drv_hal_adc.o(i.Drv_ADC_PollGetData)
    Drv_ADC_PollGetValue                     0x08001975   Thumb Code    90  drv_hal_adc.o(i.Drv_ADC_PollGetValue)
    Drv_Delay_Ms                             0x080019d5   Thumb Code    12  drv_hal_delay.o(i.Drv_Delay_Ms)
    Drv_Delay_Us                             0x080019e1   Thumb Code    80  drv_hal_delay.o(i.Drv_Delay_Us)
    Drv_GPIO_Init                            0x08001a31   Thumb Code   104  drv_hal_gpio.o(i.Drv_GPIO_Init)
    Drv_GPIO_Reset                           0x08001aa5   Thumb Code    18  drv_hal_gpio.o(i.Drv_GPIO_Reset)
    Drv_GPIO_Set                             0x08001ab7   Thumb Code    18  drv_hal_gpio.o(i.Drv_GPIO_Set)
    Drv_HAL_Error                            0x08001ac9   Thumb Code    24  drv_hal.o(i.Drv_HAL_Error)
    Drv_HAL_Init                             0x08001b25   Thumb Code    16  drv_hal.o(i.Drv_HAL_Init)
    Drv_IICSoft_Init                         0x08001b35   Thumb Code    14  drv_hal_iic_soft.o(i.Drv_IICSoft_Init)
    Drv_IICSoft_ReadByte                     0x08001b43   Thumb Code    90  drv_hal_iic_soft.o(i.Drv_IICSoft_ReadByte)
    Drv_IICSoft_SendByte                     0x08001b9d   Thumb Code    86  drv_hal_iic_soft.o(i.Drv_IICSoft_SendByte)
    Drv_IICSoft_Start                        0x08001bf3   Thumb Code    48  drv_hal_iic_soft.o(i.Drv_IICSoft_Start)
    Drv_IICSoft_Stop                         0x08001c23   Thumb Code    48  drv_hal_iic_soft.o(i.Drv_IICSoft_Stop)
    Drv_IICSoft_WaitAck                      0x08001c53   Thumb Code    76  drv_hal_iic_soft.o(i.Drv_IICSoft_WaitAck)
    Drv_IWDG_Feed                            0x08001c9f   Thumb Code    12  drv_hal_wdg.o(i.Drv_IWDG_Feed)
    Drv_IWDG_Init                            0x08001cab   Thumb Code    18  drv_hal_wdg.o(i.Drv_IWDG_Init)
    Drv_PWM_HighLvTimeSet                    0x08001cbd   Thumb Code    70  drv_hal_pwm.o(i.Drv_PWM_HighLvTimeSet)
    Drv_PWM_Init                             0x08001d21   Thumb Code    56  drv_hal_pwm.o(i.Drv_PWM_Init)
    Drv_Uart_DMAInit                         0x08001d59   Thumb Code   150  drv_hal_uart.o(i.Drv_Uart_DMAInit)
    Drv_Uart_DMA_RxHandler                   0x08001def   Thumb Code    82  drv_hal_uart.o(i.Drv_Uart_DMA_RxHandler)
    Drv_Uart_Receive_DMA                     0x08001e41   Thumb Code    52  drv_hal_uart.o(i.Drv_Uart_Receive_DMA)
    Drv_Uart_Transmit                        0x08001e75   Thumb Code    22  drv_hal_uart.o(i.Drv_Uart_Transmit)
    EXTI15_10_IRQHandler                     0x08001e8b   Thumb Code     2  task_irq.o(i.EXTI15_10_IRQHandler)
    EXTI9_5_IRQHandler                       0x08001e8d   Thumb Code     2  task_irq.o(i.EXTI9_5_IRQHandler)
    Get_pH_Value                             0x08001e91   Thumb Code   116  task_ph_outcome.o(i.Get_pH_Value)
    HAL_ADC_ConfigChannel                    0x08001f25   Thumb Code   338  stm32f1xx_hal_adc.o(i.HAL_ADC_ConfigChannel)
    HAL_ADC_GetState                         0x08002085   Thumb Code     6  stm32f1xx_hal_adc.o(i.HAL_ADC_GetState)
    HAL_ADC_GetValue                         0x0800208b   Thumb Code     8  stm32f1xx_hal_adc.o(i.HAL_ADC_GetValue)
    HAL_ADC_PollForConversion                0x08002095   Thumb Code   350  stm32f1xx_hal_adc.o(i.HAL_ADC_PollForConversion)
    HAL_ADC_Start                            0x08002205   Thumb Code   294  stm32f1xx_hal_adc.o(i.HAL_ADC_Start)
    HAL_DMA_Abort                            0x08002335   Thumb Code    86  stm32f1xx_hal_dma.o(i.HAL_DMA_Abort)
    HAL_DMA_Init                             0x0800238d   Thumb Code   132  stm32f1xx_hal_dma.o(i.HAL_DMA_Init)
    HAL_DMA_Start_IT                         0x08002419   Thumb Code   156  stm32f1xx_hal_dma.o(i.HAL_DMA_Start_IT)
    HAL_GPIO_Init                            0x080024b5   Thumb Code   792  stm32f1xx_hal_gpio.o(i.HAL_GPIO_Init)
    HAL_GPIO_ReadPin                         0x080027f5   Thumb Code    16  stm32f1xx_hal_gpio.o(i.HAL_GPIO_ReadPin)
    HAL_GPIO_WritePin                        0x08002805   Thumb Code    12  stm32f1xx_hal_gpio.o(i.HAL_GPIO_WritePin)
    HAL_GetTick                              0x08002811   Thumb Code     6  stm32f1xx_hal.o(i.HAL_GetTick)
    HAL_IWDG_Init                            0x0800281d   Thumb Code    80  stm32f1xx_hal_iwdg.o(i.HAL_IWDG_Init)
    HAL_IWDG_Refresh                         0x0800286d   Thumb Code    14  stm32f1xx_hal_iwdg.o(i.HAL_IWDG_Refresh)
    HAL_Init                                 0x0800287d   Thumb Code    34  stm32f1xx_hal.o(i.HAL_Init)
    HAL_InitTick                             0x080028a5   Thumb Code    64  stm32f1xx_hal.o(i.HAL_InitTick)
    HAL_MspInit                              0x080028f1   Thumb Code   158  drv_hal.o(i.HAL_MspInit)
    HAL_NVIC_EnableIRQ                       0x08002999   Thumb Code    32  stm32f1xx_hal_cortex.o(i.HAL_NVIC_EnableIRQ)
    HAL_NVIC_SetPriority                     0x080029b9   Thumb Code   124  stm32f1xx_hal_cortex.o(i.HAL_NVIC_SetPriority)
    HAL_NVIC_SetPriorityGrouping             0x08002a35   Thumb Code    32  stm32f1xx_hal_cortex.o(i.HAL_NVIC_SetPriorityGrouping)
    HAL_RCCEx_GetPeriphCLKFreq               0x08002a5d   Thumb Code   276  stm32f1xx_hal_rcc_ex.o(i.HAL_RCCEx_GetPeriphCLKFreq)
    HAL_RCC_ClockConfig                      0x08002b91   Thumb Code   376  stm32f1xx_hal_rcc.o(i.HAL_RCC_ClockConfig)
    HAL_RCC_GetHCLKFreq                      0x08002d1d   Thumb Code     6  stm32f1xx_hal_rcc.o(i.HAL_RCC_GetHCLKFreq)
    HAL_RCC_GetPCLK1Freq                     0x08002d29   Thumb Code    22  stm32f1xx_hal_rcc.o(i.HAL_RCC_GetPCLK1Freq)
    HAL_RCC_GetPCLK2Freq                     0x08002d49   Thumb Code    22  stm32f1xx_hal_rcc.o(i.HAL_RCC_GetPCLK2Freq)
    HAL_RCC_GetSysClockFreq                  0x08002d69   Thumb Code   116  stm32f1xx_hal_rcc.o(i.HAL_RCC_GetSysClockFreq)
    HAL_RCC_OscConfig                        0x08002dfd   Thumb Code  1114  stm32f1xx_hal_rcc.o(i.HAL_RCC_OscConfig)
    HAL_SYSTICK_CLKSourceConfig              0x08003261   Thumb Code    40  stm32f1xx_hal_cortex.o(i.HAL_SYSTICK_CLKSourceConfig)
    HAL_SYSTICK_Config                       0x08003289   Thumb Code    52  stm32f1xx_hal_cortex.o(i.HAL_SYSTICK_Config)
    HAL_TIM_PWM_ConfigChannel                0x080032bd   Thumb Code   252  stm32f1xx_hal_tim.o(i.HAL_TIM_PWM_ConfigChannel)
    HAL_TIM_PWM_Init                         0x080033b9   Thumb Code   102  stm32f1xx_hal_tim.o(i.HAL_TIM_PWM_Init)
    HAL_TIM_PWM_MspInit                      0x0800341f   Thumb Code     2  stm32f1xx_hal_tim.o(i.HAL_TIM_PWM_MspInit)
    HAL_TIM_PWM_Start                        0x08003421   Thumb Code   222  stm32f1xx_hal_tim.o(i.HAL_TIM_PWM_Start)
    HAL_UART_DMAStop                         0x08003515   Thumb Code   102  stm32f1xx_hal_uart.o(i.HAL_UART_DMAStop)
    HAL_UART_ErrorCallback                   0x0800357b   Thumb Code     2  stm32f1xx_hal_uart.o(i.HAL_UART_ErrorCallback)
    HAL_UART_Init                            0x0800357d   Thumb Code   114  stm32f1xx_hal_uart.o(i.HAL_UART_Init)
    HAL_UART_MspInit                         0x080035ef   Thumb Code     2  stm32f1xx_hal_uart.o(i.HAL_UART_MspInit)
    HAL_UART_Receive_DMA                     0x080035f1   Thumb Code   182  stm32f1xx_hal_uart.o(i.HAL_UART_Receive_DMA)
    HAL_UART_RxCpltCallback                  0x080036b5   Thumb Code     2  stm32f1xx_hal_uart.o(i.HAL_UART_RxCpltCallback)
    HAL_UART_RxHalfCpltCallback              0x080036b7   Thumb Code     2  stm32f1xx_hal_uart.o(i.HAL_UART_RxHalfCpltCallback)
    HAL_UART_Transmit                        0x080036b9   Thumb Code   210  stm32f1xx_hal_uart.o(i.HAL_UART_Transmit)
    HANDLE_MODE                              0x0800378d   Thumb Code   138  threadpool.o(i.HANDLE_MODE)
    HandleMode_data_handle                   0x08003849   Thumb Code   470  task_motioncontrol.o(i.HandleMode_data_handle)
    JY901SReadThread                         0x08003a35   Thumb Code    42  threadpool.o(i.JY901SReadThread)
    MS5837ReadThread                         0x08003a69   Thumb Code    86  threadpool.o(i.MS5837ReadThread)
    Median_Flitering_Output                  0x08003ad1   Thumb Code    56  algo_median_f.o(i.Median_Flitering_Output)
    MemManage_Handler                        0x08003b09   Thumb Code     4  drv_hal.o(i.MemManage_Handler)
    MotionControl                            0x08003b0d   Thumb Code    14  threadpool.o(i.MotionControl)
    NMI_Handler                              0x08003b1b   Thumb Code     4  drv_hal.o(i.NMI_Handler)
    OCD_JY901_AxisConfig                     0x08003b21   Thumb Code    32  ocd_jy901.o(i.OCD_JY901_AxisConfig)
    OCD_JY901_DMAInit                        0x08003b49   Thumb Code    56  ocd_jy901.o(i.OCD_JY901_DMAInit)
    OCD_JY901_DataConversion                 0x08003b81   Thumb Code   498  ocd_jy901.o(i.OCD_JY901_DataConversion)
    OCD_JY901_DataProcess                    0x08003d7d   Thumb Code   260  ocd_jy901.o(i.OCD_JY901_DataProcess)
    OCD_JY901_GyroAutoCorrect                0x08003e81   Thumb Code    28  ocd_jy901.o(i.OCD_JY901_GyroAutoCorrect)
    OCD_JY901_OrientConfig                   0x08003ea5   Thumb Code    32  ocd_jy901.o(i.OCD_JY901_OrientConfig)
    OCD_JY901_RxBaudConfig                   0x08003ecd   Thumb Code    30  ocd_jy901.o(i.OCD_JY901_RxBaudConfig)
    OCD_JY901_RxSpeedConfig                  0x08003ef5   Thumb Code    32  ocd_jy901.o(i.OCD_JY901_RxSpeedConfig)
    OCD_JY901_RxTypeConfig                   0x08003f1d   Thumb Code    44  ocd_jy901.o(i.OCD_JY901_RxTypeConfig)
    OCD_MS5837_GetData                       0x08003f51   Thumb Code   942  ocd_ms5837.o(i.OCD_MS5837_GetData)
    OCD_MS5837_Init                          0x08004349   Thumb Code    52  ocd_ms5837.o(i.OCD_MS5837_Init)
    PWNOutput_limit                          0x0800437d   Thumb Code   290  task_motioncontrol.o(i.PWNOutput_limit)
    PlusControl                              0x080044a5   Thumb Code   442  threadpool.o(i.PlusControl)
    ReportPWMout                             0x08004699   Thumb Code    12  threadpool.o(i.ReportPWMout)
    SVC_Handler                              0x080046a5   Thumb Code     2  drv_hal.o(i.SVC_Handler)
    Servo_Angle_To_HightTime                 0x08005ba5   Thumb Code    40  task_thruster.o(i.Servo_Angle_To_HightTime)
    SysTick_Handler                          0x08005bcd   Thumb Code    16  board.o(i.SysTick_Handler)
    SystemCoreClockUpdate                    0x08005bdd   Thumb Code   142  system_stm32f1xx.o(i.SystemCoreClockUpdate)
    SystemInit                               0x08005c81   Thumb Code     2  system_stm32f1xx.o(i.SystemInit)
    TIM2_IRQHandler                          0x08005c83   Thumb Code     2  task_irq.o(i.TIM2_IRQHandler)
    TIM3_IRQHandler                          0x08005c85   Thumb Code     2  task_irq.o(i.TIM3_IRQHandler)
    TIM4_IRQHandler                          0x08005c87   Thumb Code     2  task_irq.o(i.TIM4_IRQHandler)
    TIM5_IRQHandler                          0x08005c89   Thumb Code     2  task_irq.o(i.TIM5_IRQHandler)
    TIM6_IRQHandler                          0x08005c8b   Thumb Code     2  task_irq.o(i.TIM6_IRQHandler)
    TIM7_IRQHandler                          0x08005c8d   Thumb Code     2  task_irq.o(i.TIM7_IRQHandler)
    TIM_Base_SetConfig                       0x08005c91   Thumb Code   134  stm32f1xx_hal_tim.o(i.TIM_Base_SetConfig)
    TIM_CCxChannelCmd                        0x08005d2d   Thumb Code    34  stm32f1xx_hal_tim.o(i.TIM_CCxChannelCmd)
    TIM_OC2_SetConfig                        0x08005dc1   Thumb Code   114  stm32f1xx_hal_tim.o(i.TIM_OC2_SetConfig)
    Task_AnalysisData                        0x08005f09   Thumb Code  1482  task_analysisdata.o(i.Task_AnalysisData)
    Task_AutoMode_Process                    0x080064fd   Thumb Code   962  task_automode.o(i.Task_AutoMode_Process)
    Task_HandleMode_Clear                    0x08006945   Thumb Code    28  task_handlemode.o(i.Task_HandleMode_Clear)
    Task_HandleMode_Process                  0x08006979   Thumb Code   606  task_handlemode.o(i.Task_HandleMode_Process)
    Task_Motion_Process                      0x08006c09   Thumb Code    24  task_motioncontrol.o(i.Task_Motion_Process)
    Task_Servo_AllStart                      0x08006c29   Thumb Code    38  task_thruster.o(i.Task_Servo_AllStart)
    Task_Thruster_AllStart                   0x08006c4f   Thumb Code    70  task_thruster.o(i.Task_Thruster_AllStart)
    Task_Thruster_AllStop                    0x08006c95   Thumb Code    52  task_thruster.o(i.Task_Thruster_AllStop)
    Task_Thruster_Init                       0x08006cc9   Thumb Code   108  task_thruster.o(i.Task_Thruster_Init)
    Task_Thruster_SpeedSet                   0x08006d45   Thumb Code    24  task_thruster.o(i.Task_Thruster_SpeedSet)
    Task_Thruster_Start                      0x08006d61   Thumb Code    16  task_thruster.o(i.Task_Thruster_Start)
    Task_Thruster_Stop                       0x08006d71   Thumb Code    34  task_thruster.o(i.Task_Thruster_Stop)
    Task_UserInit                            0x08006d9d   Thumb Code    90  task_userinit.o(i.Task_UserInit)
    TestThread                               0x08006e35   Thumb Code    34  threadpool.o(i.TestThread)
    Thruster_nagative_data_handle            0x08006e5d   Thumb Code    78  task_motioncontrol.o(i.Thruster_nagative_data_handle)
    UART4_IRQHandler                         0x08006eb5   Thumb Code     2  task_irq.o(i.UART4_IRQHandler)
    UART5_IRQHandler                         0x08006eb7   Thumb Code     2  task_irq.o(i.UART5_IRQHandler)
    USART1_IRQHandler                        0x080070f9   Thumb Code    26  task_irq.o(i.USART1_IRQHandler)
    USART2_IRQHandler                        0x0800711d   Thumb Code    26  task_irq.o(i.USART2_IRQHandler)
    USART3_IRQHandler                        0x08007141   Thumb Code    26  task_irq.o(i.USART3_IRQHandler)
    UsageFault_Handler                       0x08007165   Thumb Code     4  drv_hal.o(i.UsageFault_Handler)
    UserLogic_Code                           0x08007169   Thumb Code   544  usercode.o(i.UserLogic_Code)
    __0printf                                0x0800750d   Thumb Code    22  printfa.o(i.__0printf)
    __1printf                                0x0800750d   Thumb Code     0  printfa.o(i.__0printf)
    __2printf                                0x0800750d   Thumb Code     0  printfa.o(i.__0printf)
    __c89printf                              0x0800750d   Thumb Code     0  printfa.o(i.__0printf)
    printf                                   0x0800750d   Thumb Code     0  printfa.o(i.__0printf)
    __rt_ffs                                 0x08007565   Thumb Code    70  kservice.o(i.__rt_ffs)
    __scatterload_copy                       0x080075b1   Thumb Code    14  handlers.o(i.__scatterload_copy)
    __scatterload_null                       0x080075bf   Thumb Code     2  handlers.o(i.__scatterload_null)
    __scatterload_zeroinit                   0x080075c1   Thumb Code    14  handlers.o(i.__scatterload_zeroinit)
    _is_digit                                0x08007735   Thumb Code    14  scanf_fp.o(i._is_digit)
    compareFloat                             0x08007f8b   Thumb Code    56  algo_median_f.o(i.compareFloat)
    fputc                                    0x08007fc5   Thumb Code    48  drv_hal.o(i.fputc)
    free                                     0x08007ff9   Thumb Code    76  malloc.o(i.free)
    getMedian                                0x08008049   Thumb Code    64  algo_median_f.o(i.getMedian)
    $Super$$main                             0x0800808d   Thumb Code    20  main.o(i.main)
    main_thread_entry                        0x080080b1   Thumb Code    14  components.o(i.main_thread_entry)
    malloc                                   0x080080c1   Thumb Code    92  malloc.o(i.malloc)
    pH_outcome                               0x0800812d   Thumb Code    34  threadpool.o(i.pH_outcome)
    rt_application_init                      0x08008365   Thumb Code    34  components.o(i.rt_application_init)
    rt_components_board_init                 0x08008395   Thumb Code    20  components.o(i.rt_components_board_init)
    rt_components_init                       0x080083b1   Thumb Code    20  components.o(i.rt_components_init)
    rt_enter_critical                        0x080083cd   Thumb Code    28  scheduler.o(i.rt_enter_critical)
    rt_exit_critical                         0x080083ed   Thumb Code    60  scheduler.o(i.rt_exit_critical)
    rt_free                                  0x08008431   Thumb Code   146  mem.o(i.rt_free)
    rt_heap_begin_get                        0x08008529   Thumb Code     4  board.o(i.rt_heap_begin_get)
    rt_heap_end_get                          0x08008531   Thumb Code     4  board.o(i.rt_heap_end_get)
    rt_hw_board_init                         0x08008539   Thumb Code    52  board.o(i.rt_hw_board_init)
    rt_hw_console_output                     0x0800856d   Thumb Code    74  board.o(i.rt_hw_console_output)
    rt_hw_hard_fault_exception               0x080085bd   Thumb Code   190  cpuport.o(i.rt_hw_hard_fault_exception)
    rt_hw_stack_init                         0x080087bd   Thumb Code    70  cpuport.o(i.rt_hw_stack_init)
    rt_interrupt_enter                       0x08008809   Thumb Code    42  irq.o(i.rt_interrupt_enter)
    rt_interrupt_leave                       0x0800883d   Thumb Code    42  irq.o(i.rt_interrupt_leave)
    rt_kprintf                               0x08008905   Thumb Code    44  kservice.o(i.rt_kprintf)
    rt_malloc                                0x080089d5   Thumb Code   360  mem.o(i.rt_malloc)
    rt_memcpy                                0x08008b5d   Thumb Code   124  kservice.o(i.rt_memcpy)
    rt_memset                                0x08008bd9   Thumb Code    72  kservice.o(i.rt_memset)
    rt_mq_create                             0x08008c21   Thumb Code   136  ipc.o(i.rt_mq_create)
    rt_mq_recv                               0x08008ca9   Thumb Code   344  ipc.o(i.rt_mq_recv)
    rt_mq_send                               0x08008e09   Thumb Code    22  ipc.o(i.rt_mq_send)
    rt_mq_send_wait                          0x08008e21   Thumb Code   320  ipc.o(i.rt_mq_send_wait)
    rt_mq_urgent                             0x08008f65   Thumb Code   174  ipc.o(i.rt_mq_urgent)
    rt_object_allocate                       0x08009019   Thumb Code   102  object.o(i.rt_object_allocate)
    rt_object_delete                         0x08009085   Thumb Code    54  object.o(i.rt_object_delete)
    rt_object_detach                         0x080090c1   Thumb Code    48  object.o(i.rt_object_detach)
    rt_object_get_information                0x080090f5   Thumb Code    36  object.o(i.rt_object_get_information)
    rt_object_init                           0x0800911d   Thumb Code   104  object.o(i.rt_object_init)
    rt_object_is_systemobject                0x08009189   Thumb Code    18  object.o(i.rt_object_is_systemobject)
    rt_schedule                              0x0800919d   Thumb Code   126  scheduler.o(i.rt_schedule)
    rt_schedule_insert_thread                0x08009239   Thumb Code    72  scheduler.o(i.rt_schedule_insert_thread)
    rt_schedule_remove_thread                0x08009289   Thumb Code    76  scheduler.o(i.rt_schedule_remove_thread)
    rt_sem_create                            0x080092dd   Thumb Code    42  ipc.o(i.rt_sem_create)
    rt_sem_init                              0x08009307   Thumb Code    38  ipc.o(i.rt_sem_init)
    rt_sem_release                           0x0800932d   Thumb Code   100  ipc.o(i.rt_sem_release)
    rt_sem_take                              0x08009395   Thumb Code   152  ipc.o(i.rt_sem_take)
    rt_soft_timer_check                      0x08009435   Thumb Code   214  timer.o(i.rt_soft_timer_check)
    rt_strcmp                                0x0800951d   Thumb Code    28  kservice.o(i.rt_strcmp)
    rt_strlen                                0x08009539   Thumb Code    18  kservice.o(i.rt_strlen)
    rt_strncpy                               0x0800954b   Thumb Code    52  kservice.o(i.rt_strncpy)
    rt_system_heap_init                      0x08009581   Thumb Code   160  mem.o(i.rt_system_heap_init)
    rt_system_scheduler_init                 0x08009679   Thumb Code    52  scheduler.o(i.rt_system_scheduler_init)
    rt_system_scheduler_start                0x080096c5   Thumb Code    36  scheduler.o(i.rt_system_scheduler_start)
    rt_system_timer_init                     0x080096f5   Thumb Code    24  timer.o(i.rt_system_timer_init)
    rt_system_timer_thread_init              0x08009711   Thumb Code    58  timer.o(i.rt_system_timer_thread_init)
    rt_thread_create                         0x08009765   Thumb Code    80  thread.o(i.rt_thread_create)
    rt_thread_delay                          0x080097b5   Thumb Code    12  thread.o(i.rt_thread_delay)
    rt_thread_exit                           0x080097c1   Thumb Code    78  thread.o(i.rt_thread_exit)
    rt_thread_idle_excute                    0x08009841   Thumb Code    92  idle.o(i.rt_thread_idle_excute)
    rt_thread_idle_init                      0x080098a1   Thumb Code    38  idle.o(i.rt_thread_idle_init)
    rt_thread_init                           0x080098dd   Thumb Code    52  thread.o(i.rt_thread_init)
    rt_thread_mdelay                         0x08009911   Thumb Code    20  thread.o(i.rt_thread_mdelay)
    rt_thread_resume                         0x08009925   Thumb Code    78  thread.o(i.rt_thread_resume)
    rt_thread_self                           0x08009979   Thumb Code     6  thread.o(i.rt_thread_self)
    rt_thread_sleep                          0x08009985   Thumb Code    62  thread.o(i.rt_thread_sleep)
    rt_thread_startup                        0x080099c9   Thumb Code    44  thread.o(i.rt_thread_startup)
    rt_thread_suspend                        0x080099f5   Thumb Code    86  thread.o(i.rt_thread_suspend)
    rt_thread_timeout                        0x08009a51   Thumb Code    32  thread.o(i.rt_thread_timeout)
    rt_thread_yield                          0x08009ab5   Thumb Code    92  thread.o(i.rt_thread_yield)
    rt_tick_from_millisecond                 0x08009b19   Thumb Code    56  clock.o(i.rt_tick_from_millisecond)
    rt_tick_get                              0x08009b51   Thumb Code     6  clock.o(i.rt_tick_get)
    rt_tick_increase                         0x08009b5d   Thumb Code    42  clock.o(i.rt_tick_increase)
    rt_timer_check                           0x08009b8d   Thumb Code   196  timer.o(i.rt_timer_check)
    rt_timer_control                         0x08009c5d   Thumb Code    98  timer.o(i.rt_timer_control)
    rt_timer_create                          0x08009cbf   Thumb Code    54  timer.o(i.rt_timer_create)
    rt_timer_detach                          0x08009cf5   Thumb Code    40  timer.o(i.rt_timer_detach)
    rt_timer_init                            0x08009d1d   Thumb Code    46  timer.o(i.rt_timer_init)
    rt_timer_start                           0x08009d79   Thumb Code   296  timer.o(i.rt_timer_start)
    rt_timer_stop                            0x08009eb9   Thumb Code    66  timer.o(i.rt_timer_stop)
    rt_vsnprintf                             0x08009f01   Thumb Code   824  kservice.o(i.rt_vsnprintf)
    rtthread_startup                         0x0800a251   Thumb Code    38  components.o(i.rtthread_startup)
    strtof                                   0x0800a29d   Thumb Code    34  strtof.o(i.strtof)
    task_DepthControl_Process                0x0800a2c1   Thumb Code    42  task_depthcontrol.o(i.task_DepthControl_Process)
    ucpUnlockCmd                             0x0800a3f8   Data           5  ocd_jy901.o(.constdata)
    ucpSleepCmd                              0x0800a3fd   Data           5  ocd_jy901.o(.constdata)
    ucpOutputOnceCmd                         0x0800a402   Data           5  ocd_jy901.o(.constdata)
    __lowest_bit_bitmap                      0x0800a407   Data         256  kservice.o(.constdata)
    AHBPrescTable                            0x0800a529   Data          16  system_stm32f1xx.o(.constdata)
    APBPrescTable                            0x0800a539   Data           8  system_stm32f1xx.o(.constdata)
    __ctype_categories                       0x0800a541   Data          64  ctype_c.o(.constdata)
    __rt_init_rti_start                      0x0800a584   Data           4  components.o(.rti_fn.0)
    __rt_init_rti_board_start                0x0800a588   Data           4  components.o(.rti_fn.0.end)
    __rt_init_uart_init                      0x0800a58c   Data           4  board.o(.rti_fn.1)
    __rt_init_rti_board_end                  0x0800a590   Data           4  components.o(.rti_fn.1.end)
    __rt_init_rti_end                        0x0800a594   Data           4  components.o(.rti_fn.6.end)
    Region$$Table$$Base                      0x0800a598   Number         0  anon$$obj.o(Region$$Table)
    Region$$Table$$Limit                     0x0800a5b8   Number         0  anon$$obj.o(Region$$Table)
    num                                      0x20000000   Data           1  usercode.o(.data)
    thread1                                  0x20000004   Data           4  usercode.o(.data)
    thread2                                  0x20000008   Data           4  usercode.o(.data)
    thread3                                  0x2000000c   Data           4  usercode.o(.data)
    thread4                                  0x20000010   Data           4  usercode.o(.data)
    thread5                                  0x20000014   Data           4  usercode.o(.data)
    thread6                                  0x20000018   Data           4  usercode.o(.data)
    thread7                                  0x2000001c   Data           4  usercode.o(.data)
    thread8                                  0x20000020   Data           4  usercode.o(.data)
    thread9                                  0x20000024   Data           4  usercode.o(.data)
    thread10                                 0x20000028   Data           4  usercode.o(.data)
    thread11                                 0x2000002c   Data           4  usercode.o(.data)
    DataFromIPC_Sem                          0x20000030   Data           4  usercode.o(.data)
    JY901S_Sem                               0x20000034   Data           4  usercode.o(.data)
    AutoModemq                               0x20000038   Data           4  usercode.o(.data)
    HandleModemq                             0x2000003c   Data           4  usercode.o(.data)
    DepthControlmq                           0x20000040   Data           4  usercode.o(.data)
    x_y_z_pitch                              0x20000048   Data           1  config.o(.data)
    left_rocker                              0x20000049   Data           1  config.o(.data)
    right_rocker                             0x2000004a   Data           1  config.o(.data)
    Mode_control                             0x2000004b   Data           1  config.o(.data)
    State_control                            0x2000004c   Data           1  config.o(.data)
    Light_control                            0x2000004d   Data           1  config.o(.data)
    speed_kH                                 0x2000004e   Data           1  config.o(.data)
    speed_kV                                 0x2000004f   Data           1  config.o(.data)
    DepthFlag                                0x20000050   Data           1  config.o(.data)
    SpeedMode                                0x20000051   Data           1  config.o(.data)
    cnt                                      0x20000052   Data           1  config.o(.data)
    PIDOut                                   0x20000054   Data           4  config.o(.data)
    demoGPIO                                 0x20000058   Data          72  config.o(.data)
    DepthPID                                 0x200000a0   Data          80  config.o(.data)
    YawPID                                   0x200000f0   Data          80  config.o(.data)
    AngleLoopPID                             0x20000140   Data          80  config.o(.data)
    PositionLoopPID                          0x20000190   Data          80  config.o(.data)
    RollPID                                  0x200001e0   Data          80  config.o(.data)
    PitchPID                                 0x20000230   Data          80  config.o(.data)
    Uart1                                    0x20000280   Data         296  config.o(.data)
    Uart3                                    0x200003a8   Data         296  config.o(.data)
    JY901S                                   0x200004d0   Data         416  config.o(.data)
    MS5837                                   0x20000670   Data         104  config.o(.data)
    PWM                                      0x200006d8   Data        1632  config.o(.data)
    demoIWDG                                 0x20000d38   Data          16  config.o(.data)
    pH_adc                                   0x20000d48   Data          88  config.o(.data)
    PWMInfo                                  0x20000da0   Data          24  threadpool.o(.data)
    dT                                       0x20000dc0   Data           4  ocd_ms5837.o(.data)
    TEMP                                     0x20000dc4   Data           4  ocd_ms5837.o(.data)
    OFF                                      0x20000dc8   Data           8  ocd_ms5837.o(.data)
    SENS                                     0x20000dd0   Data           8  ocd_ms5837.o(.data)
    D1_Press                                 0x20000dd8   Data           4  ocd_ms5837.o(.data)
    D2_Temp                                  0x20000ddc   Data           4  ocd_ms5837.o(.data)
    OFFi                                     0x20000de0   Data           4  ocd_ms5837.o(.data)
    SENSi                                    0x20000de4   Data           4  ocd_ms5837.o(.data)
    Ti                                       0x20000de8   Data           4  ocd_ms5837.o(.data)
    OFF2                                     0x20000df0   Data           8  ocd_ms5837.o(.data)
    SENS2                                    0x20000df8   Data           8  ocd_ms5837.o(.data)
    __stdout                                 0x20000e00   Data           4  drv_hal.o(.data)
    rt_interrupt_nest                        0x20000e10   Data           1  irq.o(.data)
    rt_object_trytake_hook                   0x20000ecc   Data           4  object.o(.data)
    rt_object_take_hook                      0x20000ed0   Data           4  object.o(.data)
    rt_object_put_hook                       0x20000ed4   Data           4  object.o(.data)
    rt_thread_ready_priority_group           0x20000ed8   Data           4  scheduler.o(.data)
    rt_current_thread                        0x20000ee0   Data           4  scheduler.o(.data)
    rt_current_priority                      0x20000ee4   Data           1  scheduler.o(.data)
    rt_thread_defunct                        0x20000ee8   Data           8  scheduler.o(.data)
    rt_interrupt_from_thread                 0x20000f20   Data           4  cpuport.o(.data)
    rt_interrupt_to_thread                   0x20000f24   Data           4  cpuport.o(.data)
    rt_thread_switch_interrupt_flag          0x20000f28   Data           4  cpuport.o(.data)
    uwTick                                   0x20000f30   Data           4  stm32f1xx_hal.o(.data)
    uwTickPrio                               0x20000f34   Data           4  stm32f1xx_hal.o(.data)
    uwTickFreq                               0x20000f38   Data           1  stm32f1xx_hal.o(.data)
    SystemCoreClock                          0x20000f3c   Data           4  system_stm32f1xx.o(.data)
    __microlib_freelist                      0x20000f40   Data           4  mvars.o(.data)
    __microlib_freelist_initialised          0x20000f44   Data           4  mvars.o(.data)
    rt_thread_priority_table                 0x20004e04   Data         256  scheduler.o(.bss)
    __heap_base                              0x20005188   Data           0  startup_stm32f103xe.o(HEAP)
    __heap_limit                             0x20005388   Data           0  startup_stm32f103xe.o(HEAP)
    __initial_sp                             0x20005788   Data           0  startup_stm32f103xe.o(STACK)



==============================================================================

Memory Map of the image

  Image Entry point : 0x08000131

  Load Region LR_IROM1 (Base: 0x08000000, Size: 0x0000b500, Max: 0x00040000, ABSOLUTE, COMPRESSED[0x0000a718])

    Execution Region ER_IROM1 (Exec base: 0x08000000, Load base: 0x08000000, Size: 0x0000a5b8, Max: 0x00040000, ABSOLUTE)

    Exec Addr    Load Addr    Size         Type   Attr      Idx    E Section Name        Object

    0x08000000   0x08000000   0x00000130   Data   RO         8895    RESET               startup_stm32f103xe.o
    0x08000130   0x08000130   0x00000000   Code   RO         8914  * .ARM.Collect$$$$00000000  mc_w.l(entry.o)
    0x08000130   0x08000130   0x00000004   Code   RO         9270    .ARM.Collect$$$$00000001  mc_w.l(entry2.o)
    0x08000134   0x08000134   0x00000004   Code   RO         9273    .ARM.Collect$$$$00000004  mc_w.l(entry5.o)
    0x08000138   0x08000138   0x00000000   Code   RO         9275    .ARM.Collect$$$$00000008  mc_w.l(entry7b.o)
    0x08000138   0x08000138   0x00000000   Code   RO         9277    .ARM.Collect$$$$0000000A  mc_w.l(entry8b.o)
    0x08000138   0x08000138   0x00000008   Code   RO         9278    .ARM.Collect$$$$0000000B  mc_w.l(entry9a.o)
    0x08000140   0x08000140   0x00000000   Code   RO         9280    .ARM.Collect$$$$0000000D  mc_w.l(entry10a.o)
    0x08000140   0x08000140   0x00000000   Code   RO         9282    .ARM.Collect$$$$0000000F  mc_w.l(entry11a.o)
    0x08000140   0x08000140   0x00000004   Code   RO         9271    .ARM.Collect$$$$00002712  mc_w.l(entry2.o)
    0x08000144   0x08000144   0x000000f4   Code   RO         4983    .text               context_rvds.o
    0x08000238   0x08000238   0x00000024   Code   RO         8896    .text               startup_stm32f103xe.o
    0x0800025c   0x0800025c   0x00000062   Code   RO         8917    .text               mc_w.l(ldiv.o)
    0x080002be   0x080002be   0x00000020   Code   RO         8919    .text               mc_w.l(llushr.o)
    0x080002de   0x080002de   0x0000009c   Code   RO         8921    .text               mc_w.l(qsort.o)
    0x0800037a   0x0800037a   0x00000024   Code   RO         8923    .text               mc_w.l(memcpya.o)
    0x0800039e   0x0800039e   0x00000024   Code   RO         8925    .text               mc_w.l(memseta.o)
    0x080003c2   0x080003c2   0x00000012   Code   RO         8933    .text               mc_w.l(strcpy.o)
    0x080003d4   0x080003d4   0x00000038   Code   RO         9226    .text               mc_w.l(__0sscanf.o)
    0x0800040c   0x0800040c   0x000000e0   Code   RO         9228    .text               mc_w.l(_scanf_str.o)
    0x080004ec   0x080004ec   0x000000b0   Code   RO         9230    .text               mf_w.l(fadd.o)
    0x0800059c   0x0800059c   0x00000064   Code   RO         9232    .text               mf_w.l(fmul.o)
    0x08000600   0x08000600   0x0000007c   Code   RO         9234    .text               mf_w.l(fdiv.o)
    0x0800067c   0x0800067c   0x0000014e   Code   RO         9236    .text               mf_w.l(dadd.o)
    0x080007ca   0x080007ca   0x000000e4   Code   RO         9238    .text               mf_w.l(dmul.o)
    0x080008ae   0x080008ae   0x000000de   Code   RO         9240    .text               mf_w.l(ddiv.o)
    0x0800098c   0x0800098c   0x00000012   Code   RO         9242    .text               mf_w.l(fflti.o)
    0x0800099e   0x0800099e   0x0000000a   Code   RO         9244    .text               mf_w.l(ffltui.o)
    0x080009a8   0x080009a8   0x0000002c   Code   RO         9246    .text               mf_w.l(ffltl.o)
    0x080009d4   0x080009d4   0x00000022   Code   RO         9248    .text               mf_w.l(dflti.o)
    0x080009f6   0x080009f6   0x00000032   Code   RO         9252    .text               mf_w.l(ffixi.o)
    0x08000a28   0x08000a28   0x00000028   Code   RO         9254    .text               mf_w.l(ffixui.o)
    0x08000a50   0x08000a50   0x00000032   Code   RO         9256    .text               mf_w.l(dfixui.o)
    0x08000a82   0x08000a82   0x00000026   Code   RO         9258    .text               mf_w.l(f2d.o)
    0x08000aa8   0x08000aa8   0x00000030   Code   RO         9260    .text               mf_w.l(cdcmple.o)
    0x08000ad8   0x08000ad8   0x00000030   Code   RO         9262    .text               mf_w.l(cdrcmple.o)
    0x08000b08   0x08000b08   0x00000038   Code   RO         9264    .text               mf_w.l(d2f.o)
    0x08000b40   0x08000b40   0x00000014   Code   RO         9266    .text               mf_w.l(cfcmple.o)
    0x08000b54   0x08000b54   0x00000014   Code   RO         9268    .text               mf_w.l(cfrcmple.o)
    0x08000b68   0x08000b68   0x0000002c   Code   RO         9284    .text               mc_w.l(uidiv.o)
    0x08000b94   0x08000b94   0x00000062   Code   RO         9286    .text               mc_w.l(uldiv.o)
    0x08000bf6   0x08000bf6   0x0000001e   Code   RO         9288    .text               mc_w.l(llshl.o)
    0x08000c14   0x08000c14   0x00000024   Code   RO         9290    .text               mc_w.l(llsshr.o)
    0x08000c38   0x08000c38   0x00000028   Code   RO         9301    .text               mc_w.l(scanf_char.o)
    0x08000c60   0x08000c60   0x00000040   Code   RO         9303    .text               mc_w.l(_sgetc.o)
    0x08000ca0   0x08000ca0   0x0000009c   Code   RO         9305    .text               mc_w.l(strtod.o)
    0x08000d3c   0x08000d3c   0x00000000   Code   RO         9307    .text               mc_w.l(iusefp.o)
    0x08000d3c   0x08000d3c   0x0000006e   Code   RO         9308    .text               mf_w.l(fepilogue.o)
    0x08000daa   0x08000daa   0x000000ba   Code   RO         9312    .text               mf_w.l(depilogue.o)
    0x08000e64   0x08000e64   0x00000030   Code   RO         9314    .text               mf_w.l(dfixul.o)
    0x08000e94   0x08000e94   0x00000024   Code   RO         9318    .text               mc_w.l(init.o)
    0x08000eb8   0x08000eb8   0x0000000a   Code   RO         9320    .text               mc_w.l(isspace_c.o)
    0x08000ec2   0x08000ec2   0x00000002   PAD
    0x08000ec4   0x08000ec4   0x0000032c   Code   RO         9322    .text               mc_w.l(_scanf.o)
    0x080011f0   0x080011f0   0x00000338   Code   RO         9324    .text               mc_w.l(scanf_fp.o)
    0x08001528   0x08001528   0x00000028   Code   RO         9328    .text               mc_w.l(ctype_c.o)
    0x08001550   0x08001550   0x00000018   Code   RO         9331    .text               mf_w.l(dfltul.o)
    0x08001568   0x08001568   0x00000056   Code   RO         9341    .text               mc_w.l(__dczerorl2.o)
    0x080015be   0x080015be   0x0000000a   Code   RO         3675    i.$Sub$$main        components.o
    0x080015c8   0x080015c8   0x00000084   Code   RO         5168    i.ADC_Enable        stm32f1xx_hal_adc.o
    0x0800164c   0x0800164c   0x000000a8   Code   RO          555    i.AUTO_MODE         threadpool.o
    0x080016f4   0x080016f4   0x00000114   Code   RO         2066    i.Algo_PID_Calculate  algo_pid.o
    0x08001808   0x08001808   0x00000048   Code   RO         2068    i.Algo_PID_Init     algo_pid.o
    0x08001850   0x08001850   0x0000000e   Code   RO         2069    i.Algo_PID_Update   algo_pid.o
    0x0800185e   0x0800185e   0x00000004   Code   RO         2670    i.BusFault_Handler  drv_hal.o
    0x08001862   0x08001862   0x0000002c   Code   RO         5844    i.DMA_SetConfig     stm32f1xx_hal_dma.o
    0x0800188e   0x0800188e   0x00000002   PAD
    0x08001890   0x08001890   0x00000044   Code   RO          556    i.DataFromIPC       threadpool.o
    0x080018d4   0x080018d4   0x00000002   Code   RO         2671    i.DebugMon_Handler  drv_hal.o
    0x080018d6   0x080018d6   0x00000002   PAD
    0x080018d8   0x080018d8   0x00000060   Code   RO          557    i.DepthControl      threadpool.o
    0x08001938   0x08001938   0x0000003c   Code   RO         2809    i.Drv_ADC_PollGetData  drv_hal_adc.o
    0x08001974   0x08001974   0x00000060   Code   RO         2810    i.Drv_ADC_PollGetValue  drv_hal_adc.o
    0x080019d4   0x080019d4   0x0000000c   Code   RO         2915    i.Drv_Delay_Ms      drv_hal_delay.o
    0x080019e0   0x080019e0   0x00000050   Code   RO         2916    i.Drv_Delay_Us      drv_hal_delay.o
    0x08001a30   0x08001a30   0x00000074   Code   RO         2947    i.Drv_GPIO_Init     drv_hal_gpio.o
    0x08001aa4   0x08001aa4   0x00000012   Code   RO         2951    i.Drv_GPIO_Reset    drv_hal_gpio.o
    0x08001ab6   0x08001ab6   0x00000012   Code   RO         2952    i.Drv_GPIO_Set      drv_hal_gpio.o
    0x08001ac8   0x08001ac8   0x0000005c   Code   RO         2672    i.Drv_HAL_Error     drv_hal.o
    0x08001b24   0x08001b24   0x00000010   Code   RO         2674    i.Drv_HAL_Init      drv_hal.o
    0x08001b34   0x08001b34   0x0000000e   Code   RO         3043    i.Drv_IICSoft_Init  drv_hal_iic_soft.o
    0x08001b42   0x08001b42   0x0000005a   Code   RO         3044    i.Drv_IICSoft_ReadByte  drv_hal_iic_soft.o
    0x08001b9c   0x08001b9c   0x00000056   Code   RO         3045    i.Drv_IICSoft_SendByte  drv_hal_iic_soft.o
    0x08001bf2   0x08001bf2   0x00000030   Code   RO         3046    i.Drv_IICSoft_Start  drv_hal_iic_soft.o
    0x08001c22   0x08001c22   0x00000030   Code   RO         3047    i.Drv_IICSoft_Stop  drv_hal_iic_soft.o
    0x08001c52   0x08001c52   0x0000004c   Code   RO         3048    i.Drv_IICSoft_WaitAck  drv_hal_iic_soft.o
    0x08001c9e   0x08001c9e   0x0000000c   Code   RO         3545    i.Drv_IWDG_Feed     drv_hal_wdg.o
    0x08001caa   0x08001caa   0x00000012   Code   RO         3546    i.Drv_IWDG_Init     drv_hal_wdg.o
    0x08001cbc   0x08001cbc   0x00000064   Code   RO         3148    i.Drv_PWM_HighLvTimeSet  drv_hal_pwm.o
    0x08001d20   0x08001d20   0x00000038   Code   RO         3149    i.Drv_PWM_Init      drv_hal_pwm.o
    0x08001d58   0x08001d58   0x00000096   Code   RO         3410    i.Drv_Uart_DMAInit  drv_hal_uart.o
    0x08001dee   0x08001dee   0x00000052   Code   RO         3411    i.Drv_Uart_DMA_RxHandler  drv_hal_uart.o
    0x08001e40   0x08001e40   0x00000034   Code   RO         3417    i.Drv_Uart_Receive_DMA  drv_hal_uart.o
    0x08001e74   0x08001e74   0x00000016   Code   RO         3419    i.Drv_Uart_Transmit  drv_hal_uart.o
    0x08001e8a   0x08001e8a   0x00000002   Code   RO          646    i.EXTI15_10_IRQHandler  task_irq.o
    0x08001e8c   0x08001e8c   0x00000002   Code   RO          647    i.EXTI9_5_IRQHandler  task_irq.o
    0x08001e8e   0x08001e8e   0x00000002   PAD
    0x08001e90   0x08001e90   0x00000094   Code   RO         1070    i.Get_pH_Value      task_ph_outcome.o
    0x08001f24   0x08001f24   0x00000160   Code   RO         5170    i.HAL_ADC_ConfigChannel  stm32f1xx_hal_adc.o
    0x08002084   0x08002084   0x00000006   Code   RO         5176    i.HAL_ADC_GetState  stm32f1xx_hal_adc.o
    0x0800208a   0x0800208a   0x00000008   Code   RO         5177    i.HAL_ADC_GetValue  stm32f1xx_hal_adc.o
    0x08002092   0x08002092   0x00000002   PAD
    0x08002094   0x08002094   0x00000170   Code   RO         5183    i.HAL_ADC_PollForConversion  stm32f1xx_hal_adc.o
    0x08002204   0x08002204   0x00000130   Code   RO         5185    i.HAL_ADC_Start     stm32f1xx_hal_adc.o
    0x08002334   0x08002334   0x00000056   Code   RO         5845    i.HAL_DMA_Abort     stm32f1xx_hal_dma.o
    0x0800238a   0x0800238a   0x00000002   PAD
    0x0800238c   0x0800238c   0x0000008c   Code   RO         5851    i.HAL_DMA_Init      stm32f1xx_hal_dma.o
    0x08002418   0x08002418   0x0000009c   Code   RO         5855    i.HAL_DMA_Start_IT  stm32f1xx_hal_dma.o
    0x080024b4   0x080024b4   0x00000340   Code   RO         6241    i.HAL_GPIO_Init     stm32f1xx_hal_gpio.o
    0x080027f4   0x080027f4   0x00000010   Code   RO         6243    i.HAL_GPIO_ReadPin  stm32f1xx_hal_gpio.o
    0x08002804   0x08002804   0x0000000c   Code   RO         6245    i.HAL_GPIO_WritePin  stm32f1xx_hal_gpio.o
    0x08002810   0x08002810   0x0000000c   Code   RO         5001    i.HAL_GetTick       stm32f1xx_hal.o
    0x0800281c   0x0800281c   0x00000050   Code   RO         6412    i.HAL_IWDG_Init     stm32f1xx_hal_iwdg.o
    0x0800286c   0x0800286c   0x0000000e   Code   RO         6413    i.HAL_IWDG_Refresh  stm32f1xx_hal_iwdg.o
    0x0800287a   0x0800287a   0x00000002   PAD
    0x0800287c   0x0800287c   0x00000028   Code   RO         5008    i.HAL_Init          stm32f1xx_hal.o
    0x080028a4   0x080028a4   0x0000004c   Code   RO         5009    i.HAL_InitTick      stm32f1xx_hal.o
    0x080028f0   0x080028f0   0x000000a8   Code   RO         2680    i.HAL_MspInit       drv_hal.o
    0x08002998   0x08002998   0x00000020   Code   RO         5478    i.HAL_NVIC_EnableIRQ  stm32f1xx_hal_cortex.o
    0x080029b8   0x080029b8   0x0000007c   Code   RO         5484    i.HAL_NVIC_SetPriority  stm32f1xx_hal_cortex.o
    0x08002a34   0x08002a34   0x00000028   Code   RO         5485    i.HAL_NVIC_SetPriorityGrouping  stm32f1xx_hal_cortex.o
    0x08002a5c   0x08002a5c   0x00000134   Code   RO         6783    i.HAL_RCCEx_GetPeriphCLKFreq  stm32f1xx_hal_rcc_ex.o
    0x08002b90   0x08002b90   0x0000018c   Code   RO         6676    i.HAL_RCC_ClockConfig  stm32f1xx_hal_rcc.o
    0x08002d1c   0x08002d1c   0x0000000c   Code   RO         6681    i.HAL_RCC_GetHCLKFreq  stm32f1xx_hal_rcc.o
    0x08002d28   0x08002d28   0x00000020   Code   RO         6683    i.HAL_RCC_GetPCLK1Freq  stm32f1xx_hal_rcc.o
    0x08002d48   0x08002d48   0x00000020   Code   RO         6684    i.HAL_RCC_GetPCLK2Freq  stm32f1xx_hal_rcc.o
    0x08002d68   0x08002d68   0x00000094   Code   RO         6685    i.HAL_RCC_GetSysClockFreq  stm32f1xx_hal_rcc.o
    0x08002dfc   0x08002dfc   0x00000464   Code   RO         6688    i.HAL_RCC_OscConfig  stm32f1xx_hal_rcc.o
    0x08003260   0x08003260   0x00000028   Code   RO         5487    i.HAL_SYSTICK_CLKSourceConfig  stm32f1xx_hal_cortex.o
    0x08003288   0x08003288   0x00000034   Code   RO         5489    i.HAL_SYSTICK_Config  stm32f1xx_hal_cortex.o
    0x080032bc   0x080032bc   0x000000fc   Code   RO         7304    i.HAL_TIM_PWM_ConfigChannel  stm32f1xx_hal_tim.o
    0x080033b8   0x080033b8   0x00000066   Code   RO         7307    i.HAL_TIM_PWM_Init  stm32f1xx_hal_tim.o
    0x0800341e   0x0800341e   0x00000002   Code   RO         7309    i.HAL_TIM_PWM_MspInit  stm32f1xx_hal_tim.o
    0x08003420   0x08003420   0x000000f4   Code   RO         7312    i.HAL_TIM_PWM_Start  stm32f1xx_hal_tim.o
    0x08003514   0x08003514   0x00000066   Code   RO         8233    i.HAL_UART_DMAStop  stm32f1xx_hal_uart.o
    0x0800357a   0x0800357a   0x00000002   Code   RO         8235    i.HAL_UART_ErrorCallback  stm32f1xx_hal_uart.o
    0x0800357c   0x0800357c   0x00000072   Code   RO         8239    i.HAL_UART_Init     stm32f1xx_hal_uart.o
    0x080035ee   0x080035ee   0x00000002   Code   RO         8241    i.HAL_UART_MspInit  stm32f1xx_hal_uart.o
    0x080035f0   0x080035f0   0x000000c4   Code   RO         8243    i.HAL_UART_Receive_DMA  stm32f1xx_hal_uart.o
    0x080036b4   0x080036b4   0x00000002   Code   RO         8245    i.HAL_UART_RxCpltCallback  stm32f1xx_hal_uart.o
    0x080036b6   0x080036b6   0x00000002   Code   RO         8246    i.HAL_UART_RxHalfCpltCallback  stm32f1xx_hal_uart.o
    0x080036b8   0x080036b8   0x000000d2   Code   RO         8247    i.HAL_UART_Transmit  stm32f1xx_hal_uart.o
    0x0800378a   0x0800378a   0x00000002   PAD
    0x0800378c   0x0800378c   0x000000bc   Code   RO          558    i.HANDLE_MODE       threadpool.o
    0x08003848   0x08003848   0x000001ec   Code   RO         1022    i.HandleMode_data_handle  task_motioncontrol.o
    0x08003a34   0x08003a34   0x00000034   Code   RO          559    i.JY901SReadThread  threadpool.o
    0x08003a68   0x08003a68   0x00000068   Code   RO          560    i.MS5837ReadThread  threadpool.o
    0x08003ad0   0x08003ad0   0x00000038   Code   RO         2162    i.Median_Flitering_Output  algo_median_f.o
    0x08003b08   0x08003b08   0x00000004   Code   RO         2681    i.MemManage_Handler  drv_hal.o
    0x08003b0c   0x08003b0c   0x0000000e   Code   RO          561    i.MotionControl     threadpool.o
    0x08003b1a   0x08003b1a   0x00000004   Code   RO         2682    i.NMI_Handler       drv_hal.o
    0x08003b1e   0x08003b1e   0x00000002   PAD
    0x08003b20   0x08003b20   0x00000028   Code   RO         1330    i.OCD_JY901_AxisConfig  ocd_jy901.o
    0x08003b48   0x08003b48   0x00000038   Code   RO         1332    i.OCD_JY901_DMAInit  ocd_jy901.o
    0x08003b80   0x08003b80   0x000001fc   Code   RO         1333    i.OCD_JY901_DataConversion  ocd_jy901.o
    0x08003d7c   0x08003d7c   0x00000104   Code   RO         1334    i.OCD_JY901_DataProcess  ocd_jy901.o
    0x08003e80   0x08003e80   0x00000024   Code   RO         1335    i.OCD_JY901_GyroAutoCorrect  ocd_jy901.o
    0x08003ea4   0x08003ea4   0x00000028   Code   RO         1336    i.OCD_JY901_OrientConfig  ocd_jy901.o
    0x08003ecc   0x08003ecc   0x00000028   Code   RO         1339    i.OCD_JY901_RxBaudConfig  ocd_jy901.o
    0x08003ef4   0x08003ef4   0x00000028   Code   RO         1340    i.OCD_JY901_RxSpeedConfig  ocd_jy901.o
    0x08003f1c   0x08003f1c   0x00000034   Code   RO         1341    i.OCD_JY901_RxTypeConfig  ocd_jy901.o
    0x08003f50   0x08003f50   0x000003f8   Code   RO         1541    i.OCD_MS5837_GetData  ocd_ms5837.o
    0x08004348   0x08004348   0x00000034   Code   RO         1542    i.OCD_MS5837_Init   ocd_ms5837.o
    0x0800437c   0x0800437c   0x00000128   Code   RO         1023    i.PWNOutput_limit   task_motioncontrol.o
    0x080044a4   0x080044a4   0x000001cc   Code   RO          562    i.PlusControl       threadpool.o
    0x08004670   0x08004670   0x00000028   Code   RO         6689    i.RCC_Delay         stm32f1xx_hal_rcc.o
    0x08004698   0x08004698   0x0000000c   Code   RO          563    i.ReportPWMout      threadpool.o
    0x080046a4   0x080046a4   0x00000002   Code   RO         2683    i.SVC_Handler       drv_hal.o
    0x080046a6   0x080046a6   0x00000002   PAD
    0x080046a8   0x080046a8   0x000000d0   Code   RO         2955    i.S_GPIO_CLKEnable  drv_hal_gpio.o
    0x08004778   0x08004778   0x000000f2   Code   RO         2957    i.S_GPIO_NVICParamConfig  drv_hal_gpio.o
    0x0800486a   0x0800486a   0x0000000e   Code   RO         2958    i.S_GPIO_ParamConfig  drv_hal_gpio.o
    0x08004878   0x08004878   0x00000066   Code   RO         2684    i.S_HAL_CLKConfig   drv_hal.o
    0x080048de   0x080048de   0x00000026   Code   RO         2685    i.S_HAL_RTTCLKInit  drv_hal.o
    0x08004904   0x08004904   0x0000000c   Code   RO         3049    i.S_IICSoft_DelayUs  drv_hal_iic_soft.o
    0x08004910   0x08004910   0x00000010   Code   RO         3050    i.S_IICSoft_READ_SDA  drv_hal_iic_soft.o
    0x08004920   0x08004920   0x00000012   Code   RO         3051    i.S_IICSoft_SCL_H   drv_hal_iic_soft.o
    0x08004932   0x08004932   0x00000012   Code   RO         3052    i.S_IICSoft_SCL_L   drv_hal_iic_soft.o
    0x08004944   0x08004944   0x00000012   Code   RO         3053    i.S_IICSoft_SDA_H   drv_hal_iic_soft.o
    0x08004956   0x08004956   0x00000026   Code   RO         3054    i.S_IICSoft_SDA_InputMode  drv_hal_iic_soft.o
    0x0800497c   0x0800497c   0x00000012   Code   RO         3055    i.S_IICSoft_SDA_L   drv_hal_iic_soft.o
    0x0800498e   0x0800498e   0x00000028   Code   RO         3056    i.S_IICSoft_SDA_OutputMode  drv_hal_iic_soft.o
    0x080049b6   0x080049b6   0x00000030   Code   RO         3057    i.S_IICSoft_SendAck  drv_hal_iic_soft.o
    0x080049e6   0x080049e6   0x00000030   Code   RO         3058    i.S_IICSoft_SendNAck  drv_hal_iic_soft.o
    0x08004a16   0x08004a16   0x00000002   PAD
    0x08004a18   0x08004a18   0x00000164   Code   RO         3547    i.S_IWDG_Config     drv_hal_wdg.o
    0x08004b7c   0x08004b7c   0x0000000a   Code   RO         1343    i.S_JY901_Delay     ocd_jy901.o
    0x08004b86   0x08004b86   0x00000002   PAD
    0x08004b88   0x08004b88   0x00000098   Code   RO         1344    i.S_JY901_ParamMatch  ocd_jy901.o
    0x08004c20   0x08004c20   0x0000004c   Code   RO         1345    i.S_JY901_SaveConfig  ocd_jy901.o
    0x08004c6c   0x08004c6c   0x00000028   Code   RO         1346    i.S_JY901_Setting   ocd_jy901.o
    0x08004c94   0x08004c94   0x00000014   Code   RO         1347    i.S_JY901_UnLock    ocd_jy901.o
    0x08004ca8   0x08004ca8   0x0000009a   Code   RO         1543    i.S_MS5837_CRC4     ocd_ms5837.o
    0x08004d42   0x08004d42   0x000000b2   Code   RO         1544    i.S_MS5837_GetCalibrationData  ocd_ms5837.o
    0x08004df4   0x08004df4   0x000000da   Code   RO         1545    i.S_MS5837_GetConversion  ocd_ms5837.o
    0x08004ece   0x08004ece   0x0000003a   Code   RO         1546    i.S_MS5837_Reset    ocd_ms5837.o
    0x08004f08   0x08004f08   0x000000f4   Code   RO         3150    i.S_PWM_CLKEnable   drv_hal_pwm.o
    0x08004ffc   0x08004ffc   0x00000234   Code   RO         3151    i.S_PWM_GPIOConfig  drv_hal_pwm.o
    0x08005230   0x08005230   0x000000b8   Code   RO         3152    i.S_PWM_PramConfig  drv_hal_pwm.o
    0x080052e8   0x080052e8   0x00000002   Code   RO         3422    i.S_Uart_CLKConfig  drv_hal_uart.o
    0x080052ea   0x080052ea   0x00000002   PAD
    0x080052ec   0x080052ec   0x000000d0   Code   RO         3423    i.S_Uart_CLKEnable  drv_hal_uart.o
    0x080053bc   0x080053bc   0x0000005c   Code   RO         3424    i.S_Uart_DMAParamConfig  drv_hal_uart.o
    0x08005418   0x08005418   0x000000e4   Code   RO         3425    i.S_Uart_DMA_CLKEnable  drv_hal_uart.o
    0x080054fc   0x080054fc   0x00000114   Code   RO         3426    i.S_Uart_DMA_NVICConfig  drv_hal_uart.o
    0x08005610   0x08005610   0x00000168   Code   RO         3427    i.S_Uart_GPIOConfig  drv_hal_uart.o
    0x08005778   0x08005778   0x000000b0   Code   RO         3428    i.S_Uart_NVICConfig  drv_hal_uart.o
    0x08005828   0x08005828   0x00000038   Code   RO         3429    i.S_Uart_ParamConfig  drv_hal_uart.o
    0x08005860   0x08005860   0x00000344   Code   RO         3430    i.S_Uart_ParamMatch  drv_hal_uart.o
    0x08005ba4   0x08005ba4   0x00000028   Code   RO          818    i.Servo_Angle_To_HightTime  task_thruster.o
    0x08005bcc   0x08005bcc   0x00000010   Code   RO         3580    i.SysTick_Handler   board.o
    0x08005bdc   0x08005bdc   0x000000a4   Code   RO         8859    i.SystemCoreClockUpdate  system_stm32f1xx.o
    0x08005c80   0x08005c80   0x00000002   Code   RO         8860    i.SystemInit        system_stm32f1xx.o
    0x08005c82   0x08005c82   0x00000002   Code   RO          648    i.TIM2_IRQHandler   task_irq.o
    0x08005c84   0x08005c84   0x00000002   Code   RO          649    i.TIM3_IRQHandler   task_irq.o
    0x08005c86   0x08005c86   0x00000002   Code   RO          650    i.TIM4_IRQHandler   task_irq.o
    0x08005c88   0x08005c88   0x00000002   Code   RO          651    i.TIM5_IRQHandler   task_irq.o
    0x08005c8a   0x08005c8a   0x00000002   Code   RO          652    i.TIM6_IRQHandler   task_irq.o
    0x08005c8c   0x08005c8c   0x00000002   Code   RO          653    i.TIM7_IRQHandler   task_irq.o
    0x08005c8e   0x08005c8e   0x00000002   PAD
    0x08005c90   0x08005c90   0x0000009c   Code   RO         7325    i.TIM_Base_SetConfig  stm32f1xx_hal_tim.o
    0x08005d2c   0x08005d2c   0x00000022   Code   RO         7326    i.TIM_CCxChannelCmd  stm32f1xx_hal_tim.o
    0x08005d4e   0x08005d4e   0x00000002   PAD
    0x08005d50   0x08005d50   0x00000070   Code   RO         7338    i.TIM_OC1_SetConfig  stm32f1xx_hal_tim.o
    0x08005dc0   0x08005dc0   0x0000007c   Code   RO         7339    i.TIM_OC2_SetConfig  stm32f1xx_hal_tim.o
    0x08005e3c   0x08005e3c   0x00000078   Code   RO         7340    i.TIM_OC3_SetConfig  stm32f1xx_hal_tim.o
    0x08005eb4   0x08005eb4   0x00000054   Code   RO         7341    i.TIM_OC4_SetConfig  stm32f1xx_hal_tim.o
    0x08005f08   0x08005f08   0x000005f4   Code   RO          790    i.Task_AnalysisData  task_analysisdata.o
    0x080064fc   0x080064fc   0x00000448   Code   RO          940    i.Task_AutoMode_Process  task_automode.o
    0x08006944   0x08006944   0x00000034   Code   RO          909    i.Task_HandleMode_Clear  task_handlemode.o
    0x08006978   0x08006978   0x00000290   Code   RO          910    i.Task_HandleMode_Process  task_handlemode.o
    0x08006c08   0x08006c08   0x00000020   Code   RO         1024    i.Task_Motion_Process  task_motioncontrol.o
    0x08006c28   0x08006c28   0x00000026   Code   RO          819    i.Task_Servo_AllStart  task_thruster.o
    0x08006c4e   0x08006c4e   0x00000046   Code   RO          822    i.Task_Thruster_AllStart  task_thruster.o
    0x08006c94   0x08006c94   0x00000034   Code   RO          823    i.Task_Thruster_AllStop  task_thruster.o
    0x08006cc8   0x08006cc8   0x0000007c   Code   RO          824    i.Task_Thruster_Init  task_thruster.o
    0x08006d44   0x08006d44   0x0000001c   Code   RO          825    i.Task_Thruster_SpeedSet  task_thruster.o
    0x08006d60   0x08006d60   0x00000010   Code   RO          826    i.Task_Thruster_Start  task_thruster.o
    0x08006d70   0x08006d70   0x0000002c   Code   RO          827    i.Task_Thruster_Stop  task_thruster.o
    0x08006d9c   0x08006d9c   0x00000098   Code   RO          766    i.Task_UserInit     task_userinit.o
    0x08006e34   0x08006e34   0x00000028   Code   RO          564    i.TestThread        threadpool.o
    0x08006e5c   0x08006e5c   0x00000058   Code   RO         1025    i.Thruster_nagative_data_handle  task_motioncontrol.o
    0x08006eb4   0x08006eb4   0x00000002   Code   RO          654    i.UART4_IRQHandler  task_irq.o
    0x08006eb6   0x08006eb6   0x00000002   Code   RO          655    i.UART5_IRQHandler  task_irq.o
    0x08006eb8   0x08006eb8   0x00000050   Code   RO         8253    i.UART_DMAError     stm32f1xx_hal_uart.o
    0x08006f08   0x08006f08   0x00000046   Code   RO         8254    i.UART_DMAReceiveCplt  stm32f1xx_hal_uart.o
    0x08006f4e   0x08006f4e   0x0000000e   Code   RO         8256    i.UART_DMARxHalfCplt  stm32f1xx_hal_uart.o
    0x08006f5c   0x08006f5c   0x00000020   Code   RO         8262    i.UART_EndRxTransfer  stm32f1xx_hal_uart.o
    0x08006f7c   0x08006f7c   0x00000014   Code   RO         8264    i.UART_EndTxTransfer  stm32f1xx_hal_uart.o
    0x08006f90   0x08006f90   0x000000fc   Code   RO         8266    i.UART_SetConfig    stm32f1xx_hal_uart.o
    0x0800708c   0x0800708c   0x0000006c   Code   RO         8268    i.UART_WaitOnFlagUntilTimeout  stm32f1xx_hal_uart.o
    0x080070f8   0x080070f8   0x00000024   Code   RO          656    i.USART1_IRQHandler  task_irq.o
    0x0800711c   0x0800711c   0x00000024   Code   RO          657    i.USART2_IRQHandler  task_irq.o
    0x08007140   0x08007140   0x00000024   Code   RO          658    i.USART3_IRQHandler  task_irq.o
    0x08007164   0x08007164   0x00000004   Code   RO         2686    i.UsageFault_Handler  drv_hal.o
    0x08007168   0x08007168   0x000003a4   Code   RO          229    i.UserLogic_Code    usercode.o
    0x0800750c   0x0800750c   0x00000020   Code   RO         9170    i.__0printf         mc_w.l(printfa.o)
    0x0800752c   0x0800752c   0x00000010   Code   RO         5491    i.__NVIC_GetPriorityGrouping  stm32f1xx_hal_cortex.o
    0x0800753c   0x0800753c   0x00000028   Code   RO         5492    i.__NVIC_SetPriority  stm32f1xx_hal_cortex.o
    0x08007564   0x08007564   0x0000004c   Code   RO         4114    i.__rt_ffs          kservice.o
    0x080075b0   0x080075b0   0x0000000e   Code   RO         9335    i.__scatterload_copy  mc_w.l(handlers.o)
    0x080075be   0x080075be   0x00000002   Code   RO         9336    i.__scatterload_null  mc_w.l(handlers.o)
    0x080075c0   0x080075c0   0x0000000e   Code   RO         9337    i.__scatterload_zeroinit  mc_w.l(handlers.o)
    0x080075ce   0x080075ce   0x00000002   PAD
    0x080075d0   0x080075d0   0x00000164   Code   RO         9177    i._fp_digits        mc_w.l(printfa.o)
    0x08007734   0x08007734   0x0000000e   Code   RO         9326    i._is_digit         mc_w.l(scanf_fp.o)
    0x08007742   0x08007742   0x00000002   PAD
    0x08007744   0x08007744   0x000006dc   Code   RO         9178    i._printf_core      mc_w.l(printfa.o)
    0x08007e20   0x08007e20   0x00000024   Code   RO         9179    i._printf_post_padding  mc_w.l(printfa.o)
    0x08007e44   0x08007e44   0x0000002e   Code   RO         9180    i._printf_pre_padding  mc_w.l(printfa.o)
    0x08007e72   0x08007e72   0x00000002   PAD
    0x08007e74   0x08007e74   0x0000009c   Code   RO         4655    i._rt_thread_init   thread.o
    0x08007f10   0x08007f10   0x00000042   Code   RO         4807    i._rt_timer_init    timer.o
    0x08007f52   0x08007f52   0x0000001c   Code   RO         4808    i._rt_timer_remove  timer.o
    0x08007f6e   0x08007f6e   0x0000001c   Code   RO         4656    i._thread_cleanup_execute  thread.o
    0x08007f8a   0x08007f8a   0x00000038   Code   RO         2163    i.compareFloat      algo_median_f.o
    0x08007fc2   0x08007fc2   0x00000002   PAD
    0x08007fc4   0x08007fc4   0x00000034   Code   RO         2688    i.fputc             drv_hal.o
    0x08007ff8   0x08007ff8   0x00000050   Code   RO         9198    i.free              mc_w.l(malloc.o)
    0x08008048   0x08008048   0x00000044   Code   RO         2164    i.getMedian         algo_median_f.o
    0x0800808c   0x0800808c   0x00000024   Code   RO            4    i.main              main.o
    0x080080b0   0x080080b0   0x0000000e   Code   RO         3676    i.main_thread_entry  components.o
    0x080080be   0x080080be   0x00000002   PAD
    0x080080c0   0x080080c0   0x0000006c   Code   RO         9199    i.malloc            mc_w.l(malloc.o)
    0x0800812c   0x0800812c   0x00000028   Code   RO          565    i.pH_outcome        threadpool.o
    0x08008154   0x08008154   0x00000078   Code   RO         4291    i.plug_holes        mem.o
    0x080081cc   0x080081cc   0x00000198   Code   RO         4116    i.print_number      kservice.o
    0x08008364   0x08008364   0x00000030   Code   RO         3677    i.rt_application_init  components.o
    0x08008394   0x08008394   0x0000001c   Code   RO         3678    i.rt_components_board_init  components.o
    0x080083b0   0x080083b0   0x0000001c   Code   RO         3679    i.rt_components_init  components.o
    0x080083cc   0x080083cc   0x00000020   Code   RO         4577    i.rt_enter_critical  scheduler.o
    0x080083ec   0x080083ec   0x00000044   Code   RO         4578    i.rt_exit_critical  scheduler.o
    0x08008430   0x08008430   0x000000f8   Code   RO         4293    i.rt_free           mem.o
    0x08008528   0x08008528   0x00000008   Code   RO         3581    i.rt_heap_begin_get  board.o
    0x08008530   0x08008530   0x00000008   Code   RO         3582    i.rt_heap_end_get   board.o
    0x08008538   0x08008538   0x00000034   Code   RO         3583    i.rt_hw_board_init  board.o
    0x0800856c   0x0800856c   0x00000050   Code   RO         3584    i.rt_hw_console_output  board.o
    0x080085bc   0x080085bc   0x00000200   Code   RO         4947    i.rt_hw_hard_fault_exception  cpuport.o
    0x080087bc   0x080087bc   0x0000004c   Code   RO         4948    i.rt_hw_stack_init  cpuport.o
    0x08008808   0x08008808   0x00000034   Code   RO         4075    i.rt_interrupt_enter  irq.o
    0x0800883c   0x0800883c   0x00000034   Code   RO         4078    i.rt_interrupt_leave  irq.o
    0x08008870   0x08008870   0x00000014   Code   RO         3803    i.rt_ipc_list_resume  ipc.o
    0x08008884   0x08008884   0x0000006e   Code   RO         3805    i.rt_ipc_list_suspend  ipc.o
    0x080088f2   0x080088f2   0x00000010   Code   RO         3806    i.rt_ipc_object_init  ipc.o
    0x08008902   0x08008902   0x00000002   PAD
    0x08008904   0x08008904   0x00000030   Code   RO         4120    i.rt_kprintf        kservice.o
    0x08008934   0x08008934   0x00000006   Code   RO         3807    i.rt_list_init      ipc.o
    0x0800893a   0x0800893a   0x00000006   Code   RO         4579    i.rt_list_init      scheduler.o
    0x08008940   0x08008940   0x00000006   Code   RO         4809    i.rt_list_init      timer.o
    0x08008946   0x08008946   0x0000000e   Code   RO         4458    i.rt_list_insert_after  object.o
    0x08008954   0x08008954   0x0000000e   Code   RO         4657    i.rt_list_insert_after  thread.o
    0x08008962   0x08008962   0x0000000e   Code   RO         4810    i.rt_list_insert_after  timer.o
    0x08008970   0x08008970   0x0000000e   Code   RO         3808    i.rt_list_insert_before  ipc.o
    0x0800897e   0x0800897e   0x00000010   Code   RO         3809    i.rt_list_isempty   ipc.o
    0x0800898e   0x0800898e   0x00000010   Code   RO         4811    i.rt_list_isempty   timer.o
    0x0800899e   0x0800899e   0x00000012   Code   RO         4459    i.rt_list_remove    object.o
    0x080089b0   0x080089b0   0x00000012   Code   RO         4658    i.rt_list_remove    thread.o
    0x080089c2   0x080089c2   0x00000012   Code   RO         4812    i.rt_list_remove    timer.o
    0x080089d4   0x080089d4   0x00000188   Code   RO         4295    i.rt_malloc         mem.o
    0x08008b5c   0x08008b5c   0x0000007c   Code   RO         4124    i.rt_memcpy         kservice.o
    0x08008bd8   0x08008bd8   0x00000048   Code   RO         4126    i.rt_memset         kservice.o
    0x08008c20   0x08008c20   0x00000088   Code   RO         3819    i.rt_mq_create      ipc.o
    0x08008ca8   0x08008ca8   0x00000160   Code   RO         3823    i.rt_mq_recv        ipc.o
    0x08008e08   0x08008e08   0x00000016   Code   RO         3824    i.rt_mq_send        ipc.o
    0x08008e1e   0x08008e1e   0x00000002   PAD
    0x08008e20   0x08008e20   0x00000144   Code   RO         3825    i.rt_mq_send_wait   ipc.o
    0x08008f64   0x08008f64   0x000000b4   Code   RO         3826    i.rt_mq_urgent      ipc.o
    0x08009018   0x08009018   0x0000006c   Code   RO         4460    i.rt_object_allocate  object.o
    0x08009084   0x08009084   0x0000003c   Code   RO         4462    i.rt_object_delete  object.o
    0x080090c0   0x080090c0   0x00000034   Code   RO         4463    i.rt_object_detach  object.o
    0x080090f4   0x080090f4   0x00000028   Code   RO         4466    i.rt_object_get_information  object.o
    0x0800911c   0x0800911c   0x0000006c   Code   RO         4470    i.rt_object_init    object.o
    0x08009188   0x08009188   0x00000012   Code   RO         4471    i.rt_object_is_systemobject  object.o
    0x0800919a   0x0800919a   0x00000002   PAD
    0x0800919c   0x0800919c   0x0000009c   Code   RO         4580    i.rt_schedule       scheduler.o
    0x08009238   0x08009238   0x00000050   Code   RO         4581    i.rt_schedule_insert_thread  scheduler.o
    0x08009288   0x08009288   0x00000054   Code   RO         4582    i.rt_schedule_remove_thread  scheduler.o
    0x080092dc   0x080092dc   0x0000002a   Code   RO         3835    i.rt_sem_create     ipc.o
    0x08009306   0x08009306   0x00000026   Code   RO         3838    i.rt_sem_init       ipc.o
    0x0800932c   0x0800932c   0x00000068   Code   RO         3839    i.rt_sem_release    ipc.o
    0x08009394   0x08009394   0x000000a0   Code   RO         3840    i.rt_sem_take       ipc.o
    0x08009434   0x08009434   0x000000e8   Code   RO         4813    i.rt_soft_timer_check  timer.o
    0x0800951c   0x0800951c   0x0000001c   Code   RO         4132    i.rt_strcmp         kservice.o
    0x08009538   0x08009538   0x00000012   Code   RO         4134    i.rt_strlen         kservice.o
    0x0800954a   0x0800954a   0x00000034   Code   RO         4136    i.rt_strncpy        kservice.o
    0x0800957e   0x0800957e   0x00000002   PAD
    0x08009580   0x08009580   0x000000f8   Code   RO         4299    i.rt_system_heap_init  mem.o
    0x08009678   0x08009678   0x0000004c   Code   RO         4584    i.rt_system_scheduler_init  scheduler.o
    0x080096c4   0x080096c4   0x00000030   Code   RO         4585    i.rt_system_scheduler_start  scheduler.o
    0x080096f4   0x080096f4   0x0000001c   Code   RO         4814    i.rt_system_timer_init  timer.o
    0x08009710   0x08009710   0x00000054   Code   RO         4815    i.rt_system_timer_thread_init  timer.o
    0x08009764   0x08009764   0x00000050   Code   RO         4660    i.rt_thread_create  thread.o
    0x080097b4   0x080097b4   0x0000000c   Code   RO         4661    i.rt_thread_delay   thread.o
    0x080097c0   0x080097c0   0x00000058   Code   RO         4665    i.rt_thread_exit    thread.o
    0x08009818   0x08009818   0x00000028   Code   RO         3750    i.rt_thread_idle_entry  idle.o
    0x08009840   0x08009840   0x00000060   Code   RO         3751    i.rt_thread_idle_excute  idle.o
    0x080098a0   0x080098a0   0x0000003c   Code   RO         3753    i.rt_thread_idle_init  idle.o
    0x080098dc   0x080098dc   0x00000034   Code   RO         4667    i.rt_thread_init    thread.o
    0x08009910   0x08009910   0x00000014   Code   RO         4669    i.rt_thread_mdelay  thread.o
    0x08009924   0x08009924   0x00000054   Code   RO         4670    i.rt_thread_resume  thread.o
    0x08009978   0x08009978   0x0000000c   Code   RO         4672    i.rt_thread_self    thread.o
    0x08009984   0x08009984   0x00000044   Code   RO         4673    i.rt_thread_sleep   thread.o
    0x080099c8   0x080099c8   0x0000002c   Code   RO         4674    i.rt_thread_startup  thread.o
    0x080099f4   0x080099f4   0x0000005c   Code   RO         4675    i.rt_thread_suspend  thread.o
    0x08009a50   0x08009a50   0x00000020   Code   RO         4677    i.rt_thread_timeout  thread.o
    0x08009a70   0x08009a70   0x00000044   Code   RO         4816    i.rt_thread_timer_entry  timer.o
    0x08009ab4   0x08009ab4   0x00000064   Code   RO         4678    i.rt_thread_yield   thread.o
    0x08009b18   0x08009b18   0x00000038   Code   RO         3638    i.rt_tick_from_millisecond  clock.o
    0x08009b50   0x08009b50   0x0000000c   Code   RO         3639    i.rt_tick_get       clock.o
    0x08009b5c   0x08009b5c   0x00000030   Code   RO         3640    i.rt_tick_increase  clock.o
    0x08009b8c   0x08009b8c   0x000000d0   Code   RO         4817    i.rt_timer_check    timer.o
    0x08009c5c   0x08009c5c   0x00000062   Code   RO         4818    i.rt_timer_control  timer.o
    0x08009cbe   0x08009cbe   0x00000036   Code   RO         4819    i.rt_timer_create   timer.o
    0x08009cf4   0x08009cf4   0x00000028   Code   RO         4821    i.rt_timer_detach   timer.o
    0x08009d1c   0x08009d1c   0x0000002e   Code   RO         4824    i.rt_timer_init     timer.o
    0x08009d4a   0x08009d4a   0x0000002c   Code   RO         4825    i.rt_timer_list_next_timeout  timer.o
    0x08009d76   0x08009d76   0x00000002   PAD
    0x08009d78   0x08009d78   0x00000140   Code   RO         4827    i.rt_timer_start    timer.o
    0x08009eb8   0x08009eb8   0x00000048   Code   RO         4828    i.rt_timer_stop     timer.o
    0x08009f00   0x08009f00   0x00000340   Code   RO         4139    i.rt_vsnprintf      kservice.o
    0x0800a240   0x0800a240   0x00000004   Code   RO         3680    i.rti_board_end     components.o
    0x0800a244   0x0800a244   0x00000004   Code   RO         3681    i.rti_board_start   components.o
    0x0800a248   0x0800a248   0x00000004   Code   RO         3682    i.rti_end           components.o
    0x0800a24c   0x0800a24c   0x00000004   Code   RO         3683    i.rti_start         components.o
    0x0800a250   0x0800a250   0x00000026   Code   RO         3684    i.rtthread_startup  components.o
    0x0800a276   0x0800a276   0x00000026   Code   RO         4141    i.skip_atoi         kservice.o
    0x0800a29c   0x0800a29c   0x00000022   Code   RO         8909    i.strtof            m_ws.l(strtof.o)
    0x0800a2be   0x0800a2be   0x00000002   PAD
    0x0800a2c0   0x0800a2c0   0x00000034   Code   RO          965    i.task_DepthControl_Process  task_depthcontrol.o
    0x0800a2f4   0x0800a2f4   0x000000ac   Code   RO         3585    i.uart_init         board.o
    0x0800a3a0   0x0800a3a0   0x00000010   Code   RO          230    i.watchdog_timer_callback  usercode.o
    0x0800a3b0   0x0800a3b0   0x00000048   Data   RO          792    .constdata          task_analysisdata.o
    0x0800a3f8   0x0800a3f8   0x0000000f   Data   RO         1348    .constdata          ocd_jy901.o
    0x0800a407   0x0800a407   0x00000122   Data   RO         4143    .constdata          kservice.o
    0x0800a529   0x0800a529   0x00000018   Data   RO         8861    .constdata          system_stm32f1xx.o
    0x0800a541   0x0800a541   0x00000040   Data   RO         9329    .constdata          mc_w.l(ctype_c.o)
    0x0800a581   0x0800a581   0x00000003   PAD
    0x0800a584   0x0800a584   0x00000004   Data   RO         3685    .rti_fn.0           components.o
    0x0800a588   0x0800a588   0x00000004   Data   RO         3686    .rti_fn.0.end       components.o
    0x0800a58c   0x0800a58c   0x00000004   Data   RO         3587    .rti_fn.1           board.o
    0x0800a590   0x0800a590   0x00000004   Data   RO         3687    .rti_fn.1.end       components.o
    0x0800a594   0x0800a594   0x00000004   Data   RO         3688    .rti_fn.6.end       components.o
    0x0800a598   0x0800a598   0x00000020   Data   RO         9333    Region$$Table       anon$$obj.o


    Execution Region RW_IRAM1 (Exec base: 0x20000000, Load base: 0x0800a5b8, Size: 0x00005788, Max: 0x0000c000, ABSOLUTE, COMPRESSED[0x00000160])

    Exec Addr    Load Addr    Size         Type   Attr      Idx    E Section Name        Object

    0x20000000   COMPRESSED   0x00000048   Data   RW          232    .data               usercode.o
    0x20000048   COMPRESSED   0x00000d58   Data   RW          499    .data               config.o
    0x20000da0   COMPRESSED   0x00000018   Data   RW          566    .data               threadpool.o
    0x20000db8   COMPRESSED   0x00000004   Data   RW          793    .data               task_analysisdata.o
    0x20000dbc   COMPRESSED   0x00000004   PAD
    0x20000dc0   COMPRESSED   0x00000040   Data   RW         1547    .data               ocd_ms5837.o
    0x20000e00   COMPRESSED   0x00000004   Data   RW         2690    .data               drv_hal.o
    0x20000e04   COMPRESSED   0x00000004   Data   RW         3642    .data               clock.o
    0x20000e08   COMPRESSED   0x00000009   Data   RW         4080    .data               irq.o
    0x20000e11   COMPRESSED   0x00000003   PAD
    0x20000e14   COMPRESSED   0x00000020   Data   RW         4301    .data               mem.o
    0x20000e34   COMPRESSED   0x000000a4   Data   RW         4476    .data               object.o
    0x20000ed8   COMPRESSED   0x0000001c   Data   RW         4587    .data               scheduler.o
    0x20000ef4   COMPRESSED   0x0000000c   Data   RW         4679    .data               thread.o
    0x20000f00   COMPRESSED   0x00000020   Data   RW         4830    .data               timer.o
    0x20000f20   COMPRESSED   0x00000010   Data   RW         4949    .data               cpuport.o
    0x20000f30   COMPRESSED   0x00000009   Data   RW         5015    .data               stm32f1xx_hal.o
    0x20000f39   COMPRESSED   0x00000003   PAD
    0x20000f3c   COMPRESSED   0x00000004   Data   RW         8862    .data               system_stm32f1xx.o
    0x20000f40   COMPRESSED   0x00000004   Data   RW         9292    .data               mc_w.l(mvars.o)
    0x20000f44   COMPRESSED   0x00000004   Data   RW         9293    .data               mc_w.l(mvars.o)
    0x20000f48        -       0x0000004b   Zero   RW          791    .bss                task_analysisdata.o
    0x20000f93   COMPRESSED   0x00000001   PAD
    0x20000f94        -       0x00003c40   Zero   RW         3586    .bss                board.o
    0x20004bd4        -       0x00000190   Zero   RW         3755    .bss                idle.o
    0x20004d64        -       0x00000080   Zero   RW         4142    .bss                kservice.o
    0x20004de4        -       0x00000020   Zero   RW         4300    .bss                mem.o
    0x20004e04        -       0x00000100   Zero   RW         4586    .bss                scheduler.o
    0x20004f04        -       0x00000280   Zero   RW         4829    .bss                timer.o
    0x20005184   COMPRESSED   0x00000004   PAD
    0x20005188        -       0x00000200   Zero   RW         8894    HEAP                startup_stm32f103xe.o
    0x20005388        -       0x00000400   Zero   RW         8893    STACK               startup_stm32f103xe.o


==============================================================================

Image component sizes


      Code (inc. data)   RO Data    RW Data    ZI Data      Debug   Object Name

       180          4          0          0          0       2005   algo_median_f.o
       362         50          0          0          0       2287   algo_pid.o
       336         30          4          0      15424       4220   board.o
       116         12          0          4          0       1856   clock.o
       182         30         16          0          0       6136   components.o
         0          0          0       3416          0       6675   config.o
       244         28          0          0          0        824   context_rvds.o
       588        328          0         16          0       3370   cpuport.o
       488         82          0          4          0       7958   drv_hal.o
       156          6          0          0          0       1617   drv_hal_adc.o
        92          0          0          0          0       1186   drv_hal_delay.o
       616         36          0          0          0       3860   drv_hal_gpio.o
       636          0          0          0          0       9278   drv_hal_iic_soft.o
      1148        116          0          0          0       4515   drv_hal_pwm.o
      2540        256          0          0          0       9019   drv_hal_uart.o
       386         36          0          0          0       1988   drv_hal_wdg.o
       196         30          0          0        400       5386   idle.o
      1540         30          0          0          0      14095   ipc.o
       104         20          0          9          0       1806   irq.o
      1696         26        290          0        128       9922   kservice.o
        36         16          0          0          0     512407   main.o
      1008        234          0         32         32       4108   mem.o
       418         24          0        164          0       8932   object.o
      1370        104         15          0          0       8987   ocd_jy901.o
      1676         80          0         64          0       5036   ocd_ms5837.o
       550         94          0         28        256       8778   scheduler.o
        36          8        304          0       1536        940   startup_stm32f103xe.o
       128         24          0          9          0       5731   stm32f1xx_hal.o
      1170         52          0          0          0       5455   stm32f1xx_hal_adc.o
       344         22          0          0          0      30377   stm32f1xx_hal_cortex.o
       426          8          0          0          0       3482   stm32f1xx_hal_dma.o
       860         40          0          0          0       3515   stm32f1xx_hal_gpio.o
        94          0          0          0          0       1875   stm32f1xx_hal_iwdg.o
      1784        110          0          0          0       6380   stm32f1xx_hal_rcc.o
       308         32          0          0          0       1521   stm32f1xx_hal_rcc_ex.o
      1230         80          0          0          0       8042   stm32f1xx_hal_tim.o
      1206         18          0          0          0      10758   stm32f1xx_hal_uart.o
       166         22         24          4          0       2227   system_stm32f1xx.o
      1524        432         72          4         75       1844   task_analysisdata.o
      1096        134          0          0          0        924   task_automode.o
        52         10          0          0          0        616   task_depthcontrol.o
       708         96          0          0          0       1362   task_handlemode.o
       128         30          0          0          0       6130   task_irq.o
       908         46          0          0          0       2757   task_motioncontrol.o
       148         32          0          0          0       1131   task_ph_outcome.o
       412         30          0          0          0       4997   task_thruster.o
       152         62          0          0          0        556   task_userinit.o
       900         56          0         12          0      14109   thread.o
      1242        188          0         24          0       7382   threadpool.o
      1442        102          0         32        640      15173   timer.o
       948        392          0         72          0     426766   usercode.o

    ----------------------------------------------------------------------
     34118       3698        757       3904      18496    1210301   Object Totals
         0          0         32          0          0          0   (incl. Generated)
        42          0          0         10          5          0   (incl. Padding)

    ----------------------------------------------------------------------

      Code (inc. data)   RO Data    RW Data    ZI Data      Debug   Library Member Name

        34          0          0          0          0         84   strtof.o
        56          8          0          0          0         84   __0sscanf.o
        86          0          0          0          0          0   __dczerorl2.o
       812          4          0          0          0        112   _scanf.o
       224          0          0          0          0         96   _scanf_str.o
        64          0          0          0          0         84   _sgetc.o
        40          6         64          0          0         68   ctype_c.o
         0          0          0          0          0          0   entry.o
         0          0          0          0          0          0   entry10a.o
         0          0          0          0          0          0   entry11a.o
         8          4          0          0          0          0   entry2.o
         4          0          0          0          0          0   entry5.o
         0          0          0          0          0          0   entry7b.o
         0          0          0          0          0          0   entry8b.o
         8          4          0          0          0          0   entry9a.o
        30          0          0          0          0          0   handlers.o
        36          8          0          0          0         68   init.o
        10          0          0          0          0         68   isspace_c.o
         0          0          0          0          0          0   iusefp.o
        98          0          0          0          0         84   ldiv.o
        30          0          0          0          0         68   llshl.o
        36          0          0          0          0         68   llsshr.o
        32          0          0          0          0         68   llushr.o
       188         20          0          0          0        160   malloc.o
        36          0          0          0          0         68   memcpya.o
        36          0          0          0          0        108   memseta.o
         0          0          0          8          0          0   mvars.o
      2226         90          0          0          0        444   printfa.o
       156          0          0          0          0         88   qsort.o
        40          8          0          0          0         84   scanf_char.o
       838         12          0          0          0        216   scanf_fp.o
        18          0          0          0          0         68   strcpy.o
       156         14          0          0          0        120   strtod.o
        44          0          0          0          0         80   uidiv.o
        98          0          0          0          0         92   uldiv.o
        48          0          0          0          0         68   cdcmple.o
        48          0          0          0          0         68   cdrcmple.o
        20          0          0          0          0         68   cfcmple.o
        20          0          0          0          0         68   cfrcmple.o
        56          0          0          0          0         88   d2f.o
       334          0          0          0          0        148   dadd.o
       222          0          0          0          0        100   ddiv.o
       186          0          0          0          0        176   depilogue.o
        50          0          0          0          0         76   dfixui.o
        48          0          0          0          0         68   dfixul.o
        34          0          0          0          0         76   dflti.o
        24          0          0          0          0         76   dfltul.o
       228          0          0          0          0         96   dmul.o
        38          0          0          0          0         68   f2d.o
       176          0          0          0          0        140   fadd.o
       124          0          0          0          0         88   fdiv.o
       110          0          0          0          0        168   fepilogue.o
        50          0          0          0          0         68   ffixi.o
        40          0          0          0          0         68   ffixui.o
        18          0          0          0          0         68   fflti.o
        44          0          0          0          0         92   ffltl.o
        10          0          0          0          0         68   ffltui.o
       100          0          0          0          0         76   fmul.o

    ----------------------------------------------------------------------
      7482        178         67          8          0       4560   Library Totals
        10          0          3          0          0          0   (incl. Padding)

    ----------------------------------------------------------------------

      Code (inc. data)   RO Data    RW Data    ZI Data      Debug   Library Name

        34          0          0          0          0         84   m_ws.l
      5410        178         64          8          0       2396   mc_w.l
      2028          0          0          0          0       2080   mf_w.l

    ----------------------------------------------------------------------
      7482        178         67          8          0       4560   Library Totals

    ----------------------------------------------------------------------

==============================================================================


      Code (inc. data)   RO Data    RW Data    ZI Data      Debug   

     41600       3876        824       3912      18496    1197309   Grand Totals
     41600       3876        824        352      18496    1197309   ELF Image Totals (compressed)
     41600       3876        824        352          0          0   ROM Totals

==============================================================================

    Total RO  Size (Code + RO Data)                42424 (  41.43kB)
    Total RW  Size (RW Data + ZI Data)             22408 (  21.88kB)
    Total ROM Size (Code + RO Data + RW Data)      42776 (  41.77kB)

==============================================================================

